Initialized native services in: C:\Users\M\.gradle\native
Initialized jansi services in: C:\Users\M\.gradle\native
The client will now receive all logging from the daemon (pid: 21940). The daemon log file: C:\Users\M\.gradle\daemon\9.0.0\daemon-21940.out.log
Starting 3rd build in daemon [uptime: 1 mins 18.586 secs, performance: 100%, GC rate: 0.00/s, heap usage: 0% of 512 MiB, non-heap usage: 21% of 384 MiB]
Using 12 worker leases.
Now considering [D:\dn-project] as hierarchies to watch
Watching the file system is configured to be enabled if available
File system watching is active
Starting Build
Settings evaluated using settings file 'D:\dn-project\settings.gradle'.
Projects loaded. Root project using build file 'D:\dn-project\build.gradle'.
Included projects: [root project 'dn-project', project ':backend']

> Configure project :
Evaluating root project 'dn-project' using build file 'D:\dn-project\build.gradle'.

> Configure project :backend
Evaluating project ':backend' using build file 'D:\dn-project\backend\build.gradle'.
Resolved plugin [id: 'java']
Resolved plugin [id: 'org.springframework.boot', version: '3.4.2']
Resolved plugin [id: 'io.spring.dependency-management', version: '1.1.7']
Applying dependency management to configuration 'annotationProcessor' in project 'backend'
Applying dependency management to configuration 'apiElements' in project 'backend'
Applying dependency management to configuration 'archives' in project 'backend'
Applying dependency management to configuration 'bootArchives' in project 'backend'
Applying dependency management to configuration 'compileClasspath' in project 'backend'
Applying dependency management to configuration 'compileOnly' in project 'backend'
Applying dependency management to configuration 'default' in project 'backend'
Applying dependency management to configuration 'developmentOnly' in project 'backend'
Applying dependency management to configuration 'implementation' in project 'backend'
Applying dependency management to configuration 'mainSourceElements' in project 'backend'
Applying dependency management to configuration 'productionRuntimeClasspath' in project 'backend'
Applying dependency management to configuration 'runtimeClasspath' in project 'backend'
Applying dependency management to configuration 'runtimeElements' in project 'backend'
Applying dependency management to configuration 'runtimeOnly' in project 'backend'
Applying dependency management to configuration 'testAndDevelopmentOnly' in project 'backend'
Applying dependency management to configuration 'testAnnotationProcessor' in project 'backend'
Applying dependency management to configuration 'testCompileClasspath' in project 'backend'
Applying dependency management to configuration 'testCompileOnly' in project 'backend'
Applying dependency management to configuration 'testImplementation' in project 'backend'
Applying dependency management to configuration 'testResultsElementsForTest' in project 'backend'
Applying dependency management to configuration 'testRuntimeClasspath' in project 'backend'
Applying dependency management to configuration 'testRuntimeOnly' in project 'backend'
All projects evaluated.
Task path ':backend:test' matched project ':backend'
Task name matched 'test'
Selected primary task 'test' from project :backend
Resolving global dependency management for project 'backend'
Excluding [com.google.protobuf:protobuf-java]
Excluding []
Excluding []
Excluding []
Excluding []
Excluding []
Tasks to be executed: [task ':backend:compileJava', task ':backend:processResources', task ':backend:classes', task ':backend:compileTestJava', task ':backend:processTestResources', task ':backend:testClasses', task ':backend:test']
Tasks that were excluded: []
Resolve mutations for :backend:compileJava (Thread[#526,Execution worker,5,main]) started.
:backend:compileJava (Thread[#526,Execution worker,5,main]) started.

> Task :backend:compileJava UP-TO-DATE
Custom actions are attached to task ':backend:compileJava'.
Caching disabled for task ':backend:compileJava' because:
  Build cache is disabled
Skipping task ':backend:compileJava' as it is up-to-date.
Resolve mutations for :backend:processResources (Thread[#526,Execution worker,5,main]) started.
:backend:processResources (Thread[#526,Execution worker,5,main]) started.

> Task :backend:processResources UP-TO-DATE
Caching disabled for task ':backend:processResources' because:
  Build cache is disabled
  Not worth caching
Skipping task ':backend:processResources' as it is up-to-date.
Resolve mutations for :backend:classes (Thread[#526,Execution worker,5,main]) started.
:backend:classes (Thread[#526,Execution worker,5,main]) started.

> Task :backend:classes UP-TO-DATE
Skipping task ':backend:classes' as it has no actions.
Resolve mutations for :backend:compileTestJava (Thread[#526,Execution worker,5,main]) started.
:backend:compileTestJava (Thread[#526,Execution worker,5,main]) started.

> Task :backend:compileTestJava UP-TO-DATE
Custom actions are attached to task ':backend:compileTestJava'.
Caching disabled for task ':backend:compileTestJava' because:
  Build cache is disabled
Skipping task ':backend:compileTestJava' as it is up-to-date.
Resolve mutations for :backend:processTestResources (Thread[#526,Execution worker,5,main]) started.
:backend:processTestResources (Thread[#526,Execution worker,5,main]) started.

> Task :backend:processTestResources NO-SOURCE
Skipping task ':backend:processTestResources' as it has no source files and no previous output files.
Resolve mutations for :backend:testClasses (Thread[#526,Execution worker,5,main]) started.
:backend:testClasses (Thread[#532,Execution worker Thread 7,5,main]) started.

> Task :backend:testClasses UP-TO-DATE
Skipping task ':backend:testClasses' as it has no actions.
Resolve mutations for :backend:test (Thread[#529,Execution worker Thread 4,5,main]) started.
:backend:test (Thread[#529,Execution worker Thread 4,5,main]) started.
Gradle Test Executor 3 started executing tests.

> Task :backend:test
Caching disabled for task ':backend:test' because:
  Build cache is disabled
Task ':backend:test' is not up-to-date because:
  Task has failed previously.
Starting process 'Gradle Test Executor 3'. Working directory: D:\dn-project\backend Command: D:\Dev\zulu21.44.17\bin\java.exe -Dorg.gradle.internal.worker.tmpdir=D:\dn-project\backend\build\tmp\test\work @C:\Users\M\.gradle\.tmp\gradle-worker-classpath414510565749698784txt -Xmx512m -Dfile.encoding=UTF-8 -Duser.country=KR -Duser.language=ko -Duser.variant -ea worker.org.gradle.process.internal.worker.GradleWorkerMain 'Gradle Test Executor 3'
Successfully started process 'Gradle Test Executor 3'

DonationServiceTest STANDARD_OUT
    23:50:30.691 [Test worker] INFO org.springframework.test.context.support.AnnotationConfigContextLoaderUtils -- Could not detect default configuration classes for test class [com.dnproject.platform.service.DonationServiceTest]: DonationServiceTest does not declare any static, non-private, non-final, nested classes annotated with @Configuration.
    23:50:30.843 [Test worker] INFO org.springframework.boot.test.context.SpringBootTestContextBootstrapper -- Found @SpringBootConfiguration com.dnproject.platform.DnPlatformApplication for test class com.dnproject.platform.service.DonationServiceTest

      .   ____          _            __ _ _
     /\\ / ___'_ __ _ _(_)_ __  __ _ \ \ \ \
    ( ( )\___ | '_ | '_| | '_ \/ _` | \ \ \ \
     \\/  ___)| |_)| | | | | || (_| |  ) ) ) )
      '  |____| .__|_| |_|_| |_\__, | / / / /
     =========|_|==============|___/=/_/_/_/

     :: Spring Boot ::                (v3.4.2)

    2026-02-05T23:50:31.529+09:00  INFO 27796 --- [antigravity-animal-system] [    Test worker] c.d.p.service.DonationServiceTest        : Starting DonationServiceTest using Java 21.0.8 with PID 27796 (started by M in D:\dn-project\backend)
    2026-02-05T23:50:31.531+09:00 DEBUG 27796 --- [antigravity-animal-system] [    Test worker] c.d.p.service.DonationServiceTest        : Running with Spring Boot v3.4.2, Spring v6.2.2
    2026-02-05T23:50:31.533+09:00  INFO 27796 --- [antigravity-animal-system] [    Test worker] c.d.p.service.DonationServiceTest        : The following 1 profile is active: "dev"
    2026-02-05T23:50:32.714+09:00  INFO 27796 --- [antigravity-animal-system] [    Test worker] .s.d.r.c.RepositoryConfigurationDelegate : Bootstrapping Spring Data JPA repositories in DEFAULT mode.
    2026-02-05T23:50:32.854+09:00  INFO 27796 --- [antigravity-animal-system] [    Test worker] .s.d.r.c.RepositoryConfigurationDelegate : Finished Spring Data repository scanning in 117 ms. Found 10 JPA repository interfaces.
    2026-02-05T23:50:33.715+09:00  INFO 27796 --- [antigravity-animal-system] [    Test worker] o.hibernate.jpa.internal.util.LogHelper  : HHH000204: Processing PersistenceUnitInfo [name: default]
    2026-02-05T23:50:33.841+09:00  INFO 27796 --- [antigravity-animal-system] [    Test worker] org.hibernate.Version                    : HHH000412: Hibernate ORM core version 6.6.5.Final
    2026-02-05T23:50:33.892+09:00  INFO 27796 --- [antigravity-animal-system] [    Test worker] o.h.c.internal.RegionFactoryInitiator    : HHH000026: Second-level cache disabled
    2026-02-05T23:50:34.313+09:00  INFO 27796 --- [antigravity-animal-system] [    Test worker] o.s.o.j.p.SpringPersistenceUnitInfo      : No LoadTimeWeaver setup: ignoring JPA class transformer
    2026-02-05T23:50:34.380+09:00  INFO 27796 --- [antigravity-animal-system] [    Test worker] com.zaxxer.hikari.HikariDataSource       : HikariPool-1 - Starting...
    2026-02-05T23:50:34.542+09:00  INFO 27796 --- [antigravity-animal-system] [    Test worker] com.zaxxer.hikari.pool.HikariPool        : HikariPool-1 - Added connection conn0: url=jdbc:h2:mem:animaldb user=SA
    2026-02-05T23:50:34.543+09:00  INFO 27796 --- [antigravity-animal-system] [    Test worker] com.zaxxer.hikari.HikariDataSource       : HikariPool-1 - Start completed.
    2026-02-05T23:50:34.574+09:00  WARN 27796 --- [antigravity-animal-system] [    Test worker] org.hibernate.orm.deprecation            : HHH90000025: H2Dialect does not need to be specified explicitly using 'hibernate.dialect' (remove the property setting and it will be selected by default)
    2026-02-05T23:50:34.602+09:00  INFO 27796 --- [antigravity-animal-system] [    Test worker] org.hibernate.orm.connections.pooling    : HHH10001005: Database info:
    	Database JDBC URL [Connecting through datasource 'HikariDataSource (HikariPool-1)']
    	Database driver: undefined/unknown
    	Database version: 2.3.232
    	Autocommit mode: undefined/unknown
    	Isolation level: undefined/unknown
    	Minimum pool size: undefined/unknown
    	Maximum pool size: undefined/unknown
    Hibernate: 
        create global temporary table HTE_adoptions(rn_ integer not null, animal_id bigint, created_at timestamp(6), id bigint, processed_at timestamp(6), updated_at timestamp(6), user_id bigint, reason TEXT, status enum ('APPROVED', 'CANCELLED', 'PENDING', 'REJECTED'), type enum ('ADOPTION', 'FOSTER'), primary key (rn_)) TRANSACTIONAL
    2026-02-05T23:50:36.097+09:00  INFO 27796 --- [antigravity-animal-system] [    Test worker] o.h.e.t.j.p.i.JtaPlatformInitiator       : HHH000489: No JTA platform available (set 'hibernate.transaction.jta.platform' to enable JTA platform integration)
    Hibernate: 
        drop table if exists adoptions cascade 
    Hibernate: 
        drop table if exists animal_favorite cascade 
    Hibernate: 
        drop table if exists animal_favorites cascade 
    Hibernate: 
        drop table if exists animal_images cascade 
    Hibernate: 
        drop table if exists animals cascade 
    Hibernate: 
        drop table if exists boards cascade 
    Hibernate: 
        drop table if exists comments cascade 
    Hibernate: 
        drop table if exists donation_requests cascade 
    Hibernate: 
        drop table if exists donations cascade 
    Hibernate: 
        drop table if exists notifications cascade 
    Hibernate: 
        drop table if exists preferences cascade 
    Hibernate: 
        drop table if exists shelters cascade 
    Hibernate: 
        drop table if exists sync_history cascade 
    Hibernate: 
        drop table if exists users cascade 
    Hibernate: 
        drop table if exists volunteer_recruitments cascade 
    Hibernate: 
        drop table if exists volunteers cascade 
    Hibernate: 
        drop sequence if exists adoptions_seq
    Hibernate: 
        create sequence adoptions_seq start with 1 increment by 50
    Hibernate: 
        create table adoptions (
            animal_id bigint,
            created_at timestamp(6),
            id bigint not null,
            processed_at timestamp(6),
            updated_at timestamp(6),
            user_id bigint,
            reason TEXT,
            status enum ('APPROVED','CANCELLED','PENDING','REJECTED') not null,
            type enum ('ADOPTION','FOSTER') not null,
            primary key (id)
        )
    Hibernate: 
        create table animal_favorite (
            animal_id bigint not null,
            created_at timestamp(6),
            id bigint generated by default as identity,
            updated_at timestamp(6),
            user_id bigint not null,
            primary key (id),
            constraint uk_favorites_user_animal unique (user_id, animal_id)
        )
    Hibernate: 
        create table animal_favorites (
            animal_id bigint not null,
            created_at timestamp(6),
            id bigint generated by default as identity,
            updated_at timestamp(6),
            user_id bigint not null,
            primary key (id),
            constraint uk_favorites_user_animal unique (user_id, animal_id)
        )
    2026-02-05T23:50:36.140+09:00  WARN 27796 --- [antigravity-animal-system] [    Test worker] o.h.t.s.i.ExceptionHandlerLoggedImpl     : GenerationTarget encountered exception accepting command : Error executing DDL "
        create table animal_favorites (
            animal_id bigint not null,
            created_at timestamp(6),
            id bigint generated by default as identity,
            updated_at timestamp(6),
            user_id bigint not null,
            primary key (id),
            constraint uk_favorites_user_animal unique (user_id, animal_id)
        )" via JDBC [Constraint "UK_FAVORITES_USER_ANIMAL" already exists;]

    org.hibernate.tool.schema.spi.CommandAcceptanceException: Error executing DDL "
        create table animal_favorites (
            animal_id bigint not null,
            created_at timestamp(6),
            id bigint generated by default as identity,
            updated_at timestamp(6),
            user_id bigint not null,
            primary key (id),
            constraint uk_favorites_user_animal unique (user_id, animal_id)
        )" via JDBC [Constraint "UK_FAVORITES_USER_ANIMAL" already exists;]
    	at org.hibernate.tool.schema.internal.exec.GenerationTargetToDatabase.accept(GenerationTargetToDatabase.java:94) ~[hibernate-core-6.6.5.Final.jar:6.6.5.Final]
    	at org.hibernate.tool.schema.internal.Helper.applySqlString(Helper.java:233) ~[hibernate-core-6.6.5.Final.jar:6.6.5.Final]
    	at org.hibernate.tool.schema.internal.Helper.applySqlStrings(Helper.java:217) ~[hibernate-core-6.6.5.Final.jar:6.6.5.Final]
    	at org.hibernate.tool.schema.internal.SchemaCreatorImpl.createTables(SchemaCreatorImpl.java:428) ~[hibernate-core-6.6.5.Final.jar:6.6.5.Final]
    	at org.hibernate.tool.schema.internal.SchemaCreatorImpl.createSequencesTablesConstraints(SchemaCreatorImpl.java:344) ~[hibernate-core-6.6.5.Final.jar:6.6.5.Final]
    	at org.hibernate.tool.schema.internal.SchemaCreatorImpl.createFromMetadata(SchemaCreatorImpl.java:239) ~[hibernate-core-6.6.5.Final.jar:6.6.5.Final]
    	at org.hibernate.tool.schema.internal.SchemaCreatorImpl.performCreation(SchemaCreatorImpl.java:172) ~[hibernate-core-6.6.5.Final.jar:6.6.5.Final]
    	at org.hibernate.tool.schema.internal.SchemaCreatorImpl.doCreation(SchemaCreatorImpl.java:142) ~[hibernate-core-6.6.5.Final.jar:6.6.5.Final]
    	at org.hibernate.tool.schema.internal.SchemaCreatorImpl.doCreation(SchemaCreatorImpl.java:118) ~[hibernate-core-6.6.5.Final.jar:6.6.5.Final]
    	at org.hibernate.tool.schema.spi.SchemaManagementToolCoordinator.performDatabaseAction(SchemaManagementToolCoordinator.java:250) ~[hibernate-core-6.6.5.Final.jar:6.6.5.Final]
    	at org.hibernate.tool.schema.spi.SchemaManagementToolCoordinator.lambda$process$5(SchemaManagementToolCoordinator.java:144) ~[hibernate-core-6.6.5.Final.jar:6.6.5.Final]
    	at java.base/java.util.HashMap.forEach(HashMap.java:1429) ~[na:na]
    	at org.hibernate.tool.schema.spi.SchemaManagementToolCoordinator.process(SchemaManagementToolCoordinator.java:141) ~[hibernate-core-6.6.5.Final.jar:6.6.5.Final]
    	at org.hibernate.boot.internal.SessionFactoryObserverForSchemaExport.sessionFactoryCreated(SessionFactoryObserverForSchemaExport.java:37) ~[hibernate-core-6.6.5.Final.jar:6.6.5.Final]
    	at org.hibernate.internal.SessionFactoryObserverChain.sessionFactoryCreated(SessionFactoryObserverChain.java:35) ~[hibernate-core-6.6.5.Final.jar:6.6.5.Final]
    	at org.hibernate.internal.SessionFactoryImpl.<init>(SessionFactoryImpl.java:324) ~[hibernate-core-6.6.5.Final.jar:6.6.5.Final]
    	at org.hibernate.boot.internal.SessionFactoryBuilderImpl.build(SessionFactoryBuilderImpl.java:463) ~[hibernate-core-6.6.5.Final.jar:6.6.5.Final]
    	at org.hibernate.jpa.boot.internal.EntityManagerFactoryBuilderImpl.build(EntityManagerFactoryBuilderImpl.java:1506) ~[hibernate-core-6.6.5.Final.jar:6.6.5.Final]
    	at org.springframework.orm.jpa.vendor.SpringHibernateJpaPersistenceProvider.createContainerEntityManagerFactory(SpringHibernateJpaPersistenceProvider.java:66) ~[spring-orm-6.2.2.jar:6.2.2]
    	at org.springframework.orm.jpa.LocalContainerEntityManagerFactoryBean.createNativeEntityManagerFactory(LocalContainerEntityManagerFactoryBean.java:390) ~[spring-orm-6.2.2.jar:6.2.2]
    	at org.springframework.orm.jpa.AbstractEntityManagerFactoryBean.buildNativeEntityManagerFactory(AbstractEntityManagerFactoryBean.java:419) ~[spring-orm-6.2.2.jar:6.2.2]
    	at org.springframework.orm.jpa.AbstractEntityManagerFactoryBean.afterPropertiesSet(AbstractEntityManagerFactoryBean.java:400) ~[spring-orm-6.2.2.jar:6.2.2]
    	at org.springframework.orm.jpa.LocalContainerEntityManagerFactoryBean.afterPropertiesSet(LocalContainerEntityManagerFactoryBean.java:366) ~[spring-orm-6.2.2.jar:6.2.2]
    	at org.springframework.beans.factory.support.AbstractAutowireCapableBeanFactory.invokeInitMethods(AbstractAutowireCapableBeanFactory.java:1859) ~[spring-beans-6.2.2.jar:6.2.2]
    	at org.springframework.beans.factory.support.AbstractAutowireCapableBeanFactory.initializeBean(AbstractAutowireCapableBeanFactory.java:1808) ~[spring-beans-6.2.2.jar:6.2.2]
    	at org.springframework.beans.factory.support.AbstractAutowireCapableBeanFactory.doCreateBean(AbstractAutowireCapableBeanFactory.java:601) ~[spring-beans-6.2.2.jar:6.2.2]
    	at org.springframework.beans.factory.support.AbstractAutowireCapableBeanFactory.createBean(AbstractAutowireCapableBeanFactory.java:523) ~[spring-beans-6.2.2.jar:6.2.2]
    	at org.springframework.beans.factory.support.AbstractBeanFactory.lambda$doGetBean$0(AbstractBeanFactory.java:336) ~[spring-beans-6.2.2.jar:6.2.2]
    	at org.springframework.beans.factory.support.DefaultSingletonBeanRegistry.getSingleton(DefaultSingletonBeanRegistry.java:307) ~[spring-beans-6.2.2.jar:6.2.2]
    	at org.springframework.beans.factory.support.AbstractBeanFactory.doGetBean(AbstractBeanFactory.java:334) ~[spring-beans-6.2.2.jar:6.2.2]
    	at org.springframework.beans.factory.support.AbstractBeanFactory.getBean(AbstractBeanFactory.java:204) ~[spring-beans-6.2.2.jar:6.2.2]
    	at org.springframework.context.support.AbstractApplicationContext.finishBeanFactoryInitialization(AbstractApplicationContext.java:970) ~[spring-context-6.2.2.jar:6.2.2]
    	at org.springframework.context.support.AbstractApplicationContext.refresh(AbstractApplicationContext.java:627) ~[spring-context-6.2.2.jar:6.2.2]
    	at org.springframework.boot.SpringApplication.refresh(SpringApplication.java:752) ~[spring-boot-3.4.2.jar:3.4.2]
    	at org.springframework.boot.SpringApplication.refreshContext(SpringApplication.java:439) ~[spring-boot-3.4.2.jar:3.4.2]
    	at org.springframework.boot.SpringApplication.run(SpringApplication.java:318) ~[spring-boot-3.4.2.jar:3.4.2]
    	at org.springframework.boot.test.context.SpringBootContextLoader.lambda$loadContext$3(SpringBootContextLoader.java:137) ~[spring-boot-test-3.4.2.jar:3.4.2]
    	at org.springframework.util.function.ThrowingSupplier.get(ThrowingSupplier.java:58) ~[spring-core-6.2.2.jar:6.2.2]
    	at org.springframework.util.function.ThrowingSupplier.get(ThrowingSupplier.java:46) ~[spring-core-6.2.2.jar:6.2.2]
    	at org.springframework.boot.SpringApplication.withHook(SpringApplication.java:1461) ~[spring-boot-3.4.2.jar:3.4.2]
    	at org.springframework.boot.test.context.SpringBootContextLoader$ContextLoaderHook.run(SpringBootContextLoader.java:553) ~[spring-boot-test-3.4.2.jar:3.4.2]
    	at org.springframework.boot.test.context.SpringBootContextLoader.loadContext(SpringBootContextLoader.java:137) ~[spring-boot-test-3.4.2.jar:3.4.2]
    	at org.springframework.boot.test.context.SpringBootContextLoader.loadContext(SpringBootContextLoader.java:108) ~[spring-boot-test-3.4.2.jar:3.4.2]
    	at org.springframework.test.context.cache.DefaultCacheAwareContextLoaderDelegate.loadContextInternal(DefaultCacheAwareContextLoaderDelegate.java:225) ~[spring-test-6.2.2.jar:6.2.2]
    	at org.springframework.test.context.cache.DefaultCacheAwareContextLoaderDelegate.loadContext(DefaultCacheAwareContextLoaderDelegate.java:152) ~[spring-test-6.2.2.jar:6.2.2]
    	at org.springframework.test.context.support.DefaultTestContext.getApplicationContext(DefaultTestContext.java:130) ~[spring-test-6.2.2.jar:6.2.2]
    	at org.springframework.test.context.web.ServletTestExecutionListener.setUpRequestContextIfNecessary(ServletTestExecutionListener.java:191) ~[spring-test-6.2.2.jar:6.2.2]
    	at org.springframework.test.context.web.ServletTestExecutionListener.prepareTestInstance(ServletTestExecutionListener.java:130) ~[spring-test-6.2.2.jar:6.2.2]
    	at org.springframework.test.context.TestContextManager.prepareTestInstance(TestContextManager.java:260) ~[spring-test-6.2.2.jar:6.2.2]
    	at org.springframework.test.context.junit.jupiter.SpringExtension.postProcessTestInstance(SpringExtension.java:160) ~[spring-test-6.2.2.jar:6.2.2]
    	at org.junit.jupiter.engine.descriptor.ClassBasedTestDescriptor.lambda$invokeTestInstancePostProcessors$11(ClassBasedTestDescriptor.java:378) ~[junit-jupiter-engine-5.11.4.jar:5.11.4]
    	at org.junit.jupiter.engine.descriptor.ClassBasedTestDescriptor.executeAndMaskThrowable(ClassBasedTestDescriptor.java:383) ~[junit-jupiter-engine-5.11.4.jar:5.11.4]
    	at org.junit.jupiter.engine.descriptor.ClassBasedTestDescriptor.lambda$invokeTestInstancePostProcessors$12(ClassBasedTestDescriptor.java:378) ~[junit-jupiter-engine-5.11.4.jar:5.11.4]
    	at java.base/java.util.stream.ForEachOps$ForEachOp$OfRef.accept(ForEachOps.java:184) ~[na:na]
    	at java.base/java.util.stream.ReferencePipeline$3$1.accept(ReferencePipeline.java:197) ~[na:na]
    	at java.base/java.util.stream.ReferencePipeline$2$1.accept(ReferencePipeline.java:179) ~[na:na]
    	at java.base/java.util.stream.ReferencePipeline$3$1.accept(ReferencePipeline.java:197) ~[na:na]
    	at java.base/java.util.ArrayList$ArrayListSpliterator.forEachRemaining(ArrayList.java:1708) ~[na:na]
    	at java.base/java.util.stream.AbstractPipeline.copyInto(AbstractPipeline.java:509) ~[na:na]
    	at java.base/java.util.stream.AbstractPipeline.wrapAndCopyInto(AbstractPipeline.java:499) ~[na:na]
    	at java.base/java.util.stream.ForEachOps$ForEachOp.evaluateSequential(ForEachOps.java:151) ~[na:na]
    	at java.base/java.util.stream.ForEachOps$ForEachOp$OfRef.evaluateSequential(ForEachOps.java:174) ~[na:na]
    	at java.base/java.util.stream.AbstractPipeline.evaluate(AbstractPipeline.java:234) ~[na:na]
    	at java.base/java.util.stream.ReferencePipeline.forEach(ReferencePipeline.java:596) ~[na:na]
    	at org.junit.jupiter.engine.descriptor.ClassBasedTestDescriptor.invokeTestInstancePostProcessors(ClassBasedTestDescriptor.java:377) ~[junit-jupiter-engine-5.11.4.jar:5.11.4]
    	at org.junit.jupiter.engine.descriptor.ClassBasedTestDescriptor.lambda$instantiateAndPostProcessTestInstance$7(ClassBasedTestDescriptor.java:290) ~[junit-jupiter-engine-5.11.4.jar:5.11.4]
    	at org.junit.platform.engine.support.hierarchical.ThrowableCollector.execute(ThrowableCollector.java:73) ~[junit-platform-engine-1.11.4.jar:1.11.4]
    	at org.junit.jupiter.engine.descriptor.ClassBasedTestDescriptor.instantiateAndPostProcessTestInstance(ClassBasedTestDescriptor.java:289) ~[junit-jupiter-engine-5.11.4.jar:5.11.4]
    	at org.junit.jupiter.engine.descriptor.ClassBasedTestDescriptor.lambda$testInstancesProvider$5(ClassBasedTestDescriptor.java:279) ~[junit-jupiter-engine-5.11.4.jar:5.11.4]
    	at java.base/java.util.Optional.orElseGet(Optional.java:364) ~[na:na]
    	at org.junit.jupiter.engine.descriptor.ClassBasedTestDescriptor.lambda$testInstancesProvider$6(ClassBasedTestDescriptor.java:278) ~[junit-jupiter-engine-5.11.4.jar:5.11.4]
    	at org.junit.jupiter.engine.execution.TestInstancesProvider.getTestInstances(TestInstancesProvider.java:31) ~[junit-jupiter-engine-5.11.4.jar:5.11.4]
    	at org.junit.jupiter.engine.descriptor.TestMethodTestDescriptor.lambda$prepare$1(TestMethodTestDescriptor.java:105) ~[junit-jupiter-engine-5.11.4.jar:5.11.4]
    	at org.junit.platform.engine.support.hierarchical.ThrowableCollector.execute(ThrowableCollector.java:73) ~[junit-platform-engine-1.11.4.jar:1.11.4]
    	at org.junit.jupiter.engine.descriptor.TestMethodTestDescriptor.prepare(TestMethodTestDescriptor.java:104) ~[junit-jupiter-engine-5.11.4.jar:5.11.4]
    	at org.junit.jupiter.engine.descriptor.TestMethodTestDescriptor.prepare(TestMethodTestDescriptor.java:68) ~[junit-jupiter-engine-5.11.4.jar:5.11.4]
    	at org.junit.platform.engine.support.hierarchical.NodeTestTask.lambda$prepare$2(NodeTestTask.java:128) ~[junit-platform-engine-1.11.4.jar:1.11.4]
    	at org.junit.platform.engine.support.hierarchical.ThrowableCollector.execute(ThrowableCollector.java:73) ~[junit-platform-engine-1.11.4.jar:1.11.4]
    	at org.junit.platform.engine.support.hierarchical.NodeTestTask.prepare(NodeTestTask.java:128) ~[junit-platform-engine-1.11.4.jar:1.11.4]
    	at org.junit.platform.engine.support.hierarchical.NodeTestTask.execute(NodeTestTask.java:95) ~[junit-platform-engine-1.11.4.jar:1.11.4]
    	at java.base/java.util.ArrayList.forEach(ArrayList.java:1596) ~[na:na]
    	at org.junit.platform.engine.support.hierarchical.SameThreadHierarchicalTestExecutorService.invokeAll(SameThreadHierarchicalTestExecutorService.java:41) ~[junit-platform-engine-1.11.4.jar:1.11.4]
    	at org.junit.platform.engine.support.hierarchical.NodeTestTask.lambda$executeRecursively$6(NodeTestTask.java:160) ~[junit-platform-engine-1.11.4.jar:1.11.4]
    	at org.junit.platform.engine.support.hierarchical.ThrowableCollector.execute(ThrowableCollector.java:73) ~[junit-platform-engine-1.11.4.jar:1.11.4]
    	at org.junit.platform.engine.support.hierarchical.NodeTestTask.lambda$executeRecursively$8(NodeTestTask.java:146) ~[junit-platform-engine-1.11.4.jar:1.11.4]
    	at org.junit.platform.engine.support.hierarchical.Node.around(Node.java:137) ~[junit-platform-engine-1.11.4.jar:1.11.4]
    	at org.junit.platform.engine.support.hierarchical.NodeTestTask.lambda$executeRecursively$9(NodeTestTask.java:144) ~[junit-platform-engine-1.11.4.jar:1.11.4]
    	at org.junit.platform.engine.support.hierarchical.ThrowableCollector.execute(ThrowableCollector.java:73) ~[junit-platform-engine-1.11.4.jar:1.11.4]
    	at org.junit.platform.engine.support.hierarchical.NodeTestTask.executeRecursively(NodeTestTask.java:143) ~[junit-platform-engine-1.11.4.jar:1.11.4]
    	at org.junit.platform.engine.support.hierarchical.NodeTestTask.execute(NodeTestTask.java:100) ~[junit-platform-engine-1.11.4.jar:1.11.4]
    	at java.base/java.util.ArrayList.forEach(ArrayList.java:1596) ~[na:na]
    	at org.junit.platform.engine.support.hierarchical.SameThreadHierarchicalTestExecutorService.invokeAll(SameThreadHierarchicalTestExecutorService.java:41) ~[junit-platform-engine-1.11.4.jar:1.11.4]
    	at org.junit.platform.engine.support.hierarchical.NodeTestTask.lambda$executeRecursively$6(NodeTestTask.java:160) ~[junit-platform-engine-1.11.4.jar:1.11.4]
    	at org.junit.platform.engine.support.hierarchical.ThrowableCollector.execute(ThrowableCollector.java:73) ~[junit-platform-engine-1.11.4.jar:1.11.4]
    	at org.junit.platform.engine.support.hierarchical.NodeTestTask.lambda$executeRecursively$8(NodeTestTask.java:146) ~[junit-platform-engine-1.11.4.jar:1.11.4]
    	at org.junit.platform.engine.support.hierarchical.Node.around(Node.java:137) ~[junit-platform-engine-1.11.4.jar:1.11.4]
    	at org.junit.platform.engine.support.hierarchical.NodeTestTask.lambda$executeRecursively$9(NodeTestTask.java:144) ~[junit-platform-engine-1.11.4.jar:1.11.4]
    	at org.junit.platform.engine.support.hierarchical.ThrowableCollector.execute(ThrowableCollector.java:73) ~[junit-platform-engine-1.11.4.jar:1.11.4]
    	at org.junit.platform.engine.support.hierarchical.NodeTestTask.executeRecursively(NodeTestTask.java:143) ~[junit-platform-engine-1.11.4.jar:1.11.4]
    	at org.junit.platform.engine.support.hierarchical.NodeTestTask.execute(NodeTestTask.java:100) ~[junit-platform-engine-1.11.4.jar:1.11.4]
    	at org.junit.platform.engine.support.hierarchical.SameThreadHierarchicalTestExecutorService.submit(SameThreadHierarchicalTestExecutorService.java:35) ~[junit-platform-engine-1.11.4.jar:1.11.4]
    	at org.junit.platform.engine.support.hierarchical.HierarchicalTestExecutor.execute(HierarchicalTestExecutor.java:57) ~[junit-platform-engine-1.11.4.jar:1.11.4]
    	at org.junit.platform.engine.support.hierarchical.HierarchicalTestEngine.execute(HierarchicalTestEngine.java:54) ~[junit-platform-engine-1.11.4.jar:1.11.4]
    	at org.junit.platform.launcher.core.EngineExecutionOrchestrator.execute(EngineExecutionOrchestrator.java:198) ~[junit-platform-launcher-1.11.4.jar:1.11.4]
    	at org.junit.platform.launcher.core.EngineExecutionOrchestrator.execute(EngineExecutionOrchestrator.java:169) ~[junit-platform-launcher-1.11.4.jar:1.11.4]
    	at org.junit.platform.launcher.core.EngineExecutionOrchestrator.execute(EngineExecutionOrchestrator.java:93) ~[junit-platform-launcher-1.11.4.jar:1.11.4]
    	at org.junit.platform.launcher.core.EngineExecutionOrchestrator.lambda$execute$0(EngineExecutionOrchestrator.java:58) ~[junit-platform-launcher-1.11.4.jar:1.11.4]
    	at org.junit.platform.launcher.core.EngineExecutionOrchestrator.withInterceptedStreams(EngineExecutionOrchestrator.java:141) ~[junit-platform-launcher-1.11.4.jar:1.11.4]
    	at org.junit.platform.launcher.core.EngineExecutionOrchestrator.execute(EngineExecutionOrchestrator.java:57) ~[junit-platform-launcher-1.11.4.jar:1.11.4]
    	at org.junit.platform.launcher.core.DefaultLauncher.execute(DefaultLauncher.java:103) ~[junit-platform-launcher-1.11.4.jar:1.11.4]
    	at org.junit.platform.launcher.core.DefaultLauncher.execute(DefaultLauncher.java:85) ~[junit-platform-launcher-1.11.4.jar:1.11.4]
    	at org.junit.platform.launcher.core.DelegatingLauncher.execute(DelegatingLauncher.java:47) ~[junit-platform-launcher-1.11.4.jar:1.11.4]
    	at org.gradle.api.internal.tasks.testing.junitplatform.JUnitPlatformTestClassProcessor$CollectAllTestClassesExecutor.processAllTestClasses(JUnitPlatformTestClassProcessor.java:135) ~[na:na]
    	at org.gradle.api.internal.tasks.testing.junitplatform.JUnitPlatformTestClassProcessor$CollectAllTestClassesExecutor.access$000(JUnitPlatformTestClassProcessor.java:110) ~[na:na]
    	at org.gradle.api.internal.tasks.testing.junitplatform.JUnitPlatformTestClassProcessor.stop(JUnitPlatformTestClassProcessor.java:104) ~[na:na]
    	at org.gradle.api.internal.tasks.testing.SuiteTestClassProcessor.stop(SuiteTestClassProcessor.java:64) ~[na:na]
    	at java.base/jdk.internal.reflect.DirectMethodHandleAccessor.invoke(DirectMethodHandleAccessor.java:103) ~[na:na]
    	at java.base/java.lang.reflect.Method.invoke(Method.java:580) ~[na:na]
    	at org.gradle.internal.dispatch.ReflectionDispatch.dispatch(ReflectionDispatch.java:36) ~[na:na]
    	at org.gradle.internal.dispatch.ReflectionDispatch.dispatch(ReflectionDispatch.java:24) ~[na:na]
    	at org.gradle.internal.dispatch.ContextClassLoaderDispatch.dispatch(ContextClassLoaderDispatch.java:33) ~[na:na]
    	at org.gradle.internal.dispatch.ProxyDispatchAdapter$DispatchingInvocationHandler.invoke(ProxyDispatchAdapter.java:92) ~[na:na]
    	at jdk.proxy1/jdk.proxy1.$Proxy4.stop(Unknown Source) ~[na:na]
    	at org.gradle.api.internal.tasks.testing.worker.TestWorker$3.run(TestWorker.java:200) ~[na:na]
    	at org.gradle.api.internal.tasks.testing.worker.TestWorker.executeAndMaintainThreadName(TestWorker.java:132) ~[na:na]
    	at org.gradle.api.internal.tasks.testing.worker.TestWorker.execute(TestWorker.java:103) ~[na:na]
    	at org.gradle.api.internal.tasks.testing.worker.TestWorker.execute(TestWorker.java:63) ~[na:na]
    	at org.gradle.process.internal.worker.child.ActionExecutionWorker.execute(ActionExecutionWorker.java:56) ~[na:na]
    	at org.gradle.process.internal.worker.child.SystemApplicationClassLoaderWorker.call(SystemApplicationClassLoaderWorker.java:122) ~[na:na]
    	at org.gradle.process.internal.worker.child.SystemApplicationClassLoaderWorker.call(SystemApplicationClassLoaderWorker.java:72) ~[na:na]
    	at worker.org.gradle.process.internal.worker.GradleWorkerMain.run(GradleWorkerMain.java:69) ~[gradle-worker.jar:na]
    	at worker.org.gradle.process.internal.worker.GradleWorkerMain.main(GradleWorkerMain.java:74) ~[gradle-worker.jar:na]
    Caused by: org.h2.jdbc.JdbcSQLSyntaxErrorException: Constraint "UK_FAVORITES_USER_ANIMAL" already exists; SQL statement:

        create table animal_favorites (
            animal_id bigint not null,
            created_at timestamp(6),
            id bigint generated by default as identity,
            updated_at timestamp(6),
            user_id bigint not null,
            primary key (id),
            constraint uk_favorites_user_animal unique (user_id, animal_id)
 [90045-232]
    	at org.h2.message.DbException.getJdbcSQLException(DbException.java:644) ~[h2-2.3.232.jar:2.3.232]
    	at org.h2.message.DbException.getJdbcSQLException(DbException.java:489) ~[h2-2.3.232.jar:2.3.232]
    	at org.h2.message.DbException.get(DbException.java:223) ~[h2-2.3.232.jar:2.3.232]
    	at org.h2.message.DbException.get(DbException.java:199) ~[h2-2.3.232.jar:2.3.232]
    	at org.h2.command.ddl.AlterTableAddConstraint.tryUpdate(AlterTableAddConstraint.java:111) ~[h2-2.3.232.jar:2.3.232]
    	at org.h2.command.ddl.AlterTableAddConstraint.update(AlterTableAddConstraint.java:74) ~[h2-2.3.232.jar:2.3.232]
    	at org.h2.command.ddl.AlterTable.update(AlterTable.java:46) ~[h2-2.3.232.jar:2.3.232]
    	at org.h2.command.ddl.CommandWithColumns.createConstraints(CommandWithColumns.java:83) ~[h2-2.3.232.jar:2.3.232]
    	at org.h2.command.ddl.CreateTable.update(CreateTable.java:134) ~[h2-2.3.232.jar:2.3.232]
    	at org.h2.command.CommandContainer.update(CommandContainer.java:139) ~[h2-2.3.232.jar:2.3.232]
    	at org.h2.command.Command.executeUpdate(Command.java:304) ~[h2-2.3.232.jar:2.3.232]
    	at org.h2.command.Command.executeUpdate(Command.java:248) ~[h2-2.3.232.jar:2.3.232]
    	at org.h2.jdbc.JdbcStatement.executeInternal(JdbcStatement.java:262) ~[h2-2.3.232.jar:2.3.232]
    	at org.h2.jdbc.JdbcStatement.execute(JdbcStatement.java:231) ~[h2-2.3.232.jar:2.3.232]
    	at com.zaxxer.hikari.pool.ProxyStatement.execute(ProxyStatement.java:94) ~[HikariCP-5.1.0.jar:na]
    	at com.zaxxer.hikari.pool.HikariProxyStatement.execute(HikariProxyStatement.java) ~[HikariCP-5.1.0.jar:na]
    	at org.hibernate.tool.schema.internal.exec.GenerationTargetToDatabase.accept(GenerationTargetToDatabase.java:80) ~[hibernate-core-6.6.5.Final.jar:6.6.5.Final]
    	... 131 common frames omitted

    Hibernate: 
        create table animal_images (
            is_main BOOLEAN DEFAULT FALSE,
            animal_id bigint not null,
            created_at timestamp(6),
            id bigint generated by default as identity,
            updated_at timestamp(6),
            image_url varchar(500) not null,
            primary key (id)
        )
    Hibernate: 
        create table animals (
            age integer,
            neutered BOOLEAN DEFAULT FALSE,
            register_date date,
            vaccinated BOOLEAN DEFAULT FALSE,
            weight numeric(5,2),
            created_at timestamp(6),
            id bigint generated by default as identity,
            shelter_id bigint not null,
            updated_at timestamp(6),
            gender varchar(10),
            charge_phone varchar(30),
            breed varchar(50),
            charge_name varchar(50),
            name varchar(50),
            public_api_animal_id varchar(50),
            org_name varchar(100),
            temperament varchar(100),
            image_url varchar(500),
            description TEXT,
            health_status varchar(255),
            size enum ('LARGE','MEDIUM','SMALL'),
            species enum ('CAT','DOG','ETC') not null,
            status enum ('ADOPTED','FOSTERED','PROTECTED','TRANSFERRED') not null,
            primary key (id)
        )
    Hibernate: 
        create table boards (
            is_pinned boolean default 0 not null,
            views integer default 0 not null,
            created_at timestamp(6),
            id bigint generated by default as identity,
            shelter_id bigint,
            updated_at timestamp(6),
            user_id bigint not null,
            title varchar(200) not null,
            content TEXT not null,
            type enum ('FAQ','FREE','NOTICE','Stort') not null,
            primary key (id)
        )
    Hibernate: 
        create table comments (
            board_id bigint not null,
            created_at timestamp(6),
            id bigint generated by default as identity,
            updated_at timestamp(6),
            user_id bigint not null,
            content TEXT not null,
            primary key (id)
        )
    Hibernate: 
        create table donation_requests (
            current_quantity integer not null,
            deadline date not null,
            target_quantity integer not null,
            created_at timestamp(6),
            id bigint generated by default as identity,
            shelter_id bigint not null,
            updated_at timestamp(6),
            item_category varchar(50) not null,
            title varchar(200) not null,
            content TEXT not null,
            status enum ('CLOSED','OPEN') not null,
            primary key (id)
        )
    Hibernate: 
        create table donations (
            amount numeric(12,2) not null,
            donor_birthdate date,
            newsletter_consent boolean,
            quantity integer,
            receipt_requested boolean,
            board_id bigint,
            created_at timestamp(6),
            id bigint generated by default as identity,
            request_id bigint,
            shelter_id bigint not null,
            updated_at timestamp(6),
            user_id bigint not null,
            donor_phone varchar(20) not null,
            resident_registration_number varchar(20),
            delivery_method varchar(50),
            donation_category varchar(50) not null,
            donor_name varchar(50) not null,
            tracking_number varchar(50),
            donor_email varchar(100) not null,
            item_name varchar(100),
            donation_type enum ('ITEM','MONEY') not null,
            donor_type enum ('ANONYMOUS','CORPORATE','INDIVIDUAL') not null,
            payment_method enum ('BANK_TRANSFER','CREDIT_CARD','DIRECT_DELIVERY','KAKAO_PAY','PARCEL','QUICK_SERVICE','VIRTUAL_ACCOUNT') not null,
            status enum ('CANCELLED','COMPLETED','PENDING','PROCESSING','RECEIVED','REJECTED','SHIPPED') not null,
            primary key (id)
        )
    Hibernate: 
        create table notifications (
            is_read boolean not null,
            created_at timestamp(6),
            id bigint generated by default as identity,
            updated_at timestamp(6),
            user_id bigint not null,
            type varchar(50) not null,
            message varchar(255) not null,
            related_url varchar(255),
            primary key (id)
        )
    Hibernate: 
        create table preferences (
            max_age integer,
            min_age integer,
            created_at timestamp(6),
            id bigint generated by default as identity,
            updated_at timestamp(6),
            user_id bigint not null unique,
            region varchar(255),
            temperament varchar(255),
            size enum ('LARGE','MEDIUM','SMALL'),
            species enum ('CAT','DOG','ETC'),
            primary key (id)
        )
    Hibernate: 
        create table shelters (
            latitude numeric(10,8),
            longitude numeric(11,8),
            created_at timestamp(6),
            id bigint generated by default as identity,
            manager_id bigint unique,
            updated_at timestamp(6),
            verified_at timestamp(6),
            business_registration_number varchar(20) unique,
            manager_phone varchar(20) not null,
            phone varchar(20) not null,
            manager_name varchar(50) not null,
            public_api_shelter_id varchar(50),
            email varchar(100) not null,
            name varchar(100) not null,
            business_registration_file varchar(500),
            address varchar(255) not null,
            verification_status enum ('PENDING','REJECTED','UNVERIFIED','VERIFIED') not null,
            primary key (id)
        )
    Hibernate: 
        create table sync_history (
            success_count integer,
            total_count integer,
            created_at timestamp(6),
            id bigint generated by default as identity,
            updated_at timestamp(6),
            status varchar(255),
            trigger_type enum ('MANUAL','SCHEDULED'),
            primary key (id)
        )
    Hibernate: 
        create table users (
            is_temporary_password boolean not null,
            created_at timestamp(6),
            id bigint generated by default as identity,
            updated_at timestamp(6),
            name varchar(50) not null,
            email varchar(100) not null unique,
            address varchar(255),
            password varchar(255) not null,
            phone varchar(255),
            role enum ('ADMIN','MANAGER','USER') not null,
            primary key (id)
        )
    Hibernate: 
        create table volunteer_recruitments (
            deadline date not null,
            max_applicants integer not null,
            created_at timestamp(6),
            id bigint generated by default as identity,
            shelter_id bigint not null,
            updated_at timestamp(6),
            title varchar(200) not null,
            content TEXT not null,
            status enum ('CANCELED','CLOSED','EXPIRED','PENDING','RECRUITING') not null,
            primary key (id)
        )
    Hibernate: 
        create table volunteers (
            participant_count integer,
            volunteer_date_end date,
            volunteer_date_start date not null,
            board_id bigint,
            created_at timestamp(6),
            id bigint generated by default as identity,
            recruitment_id bigint,
            shelter_id bigint not null,
            updated_at timestamp(6),
            user_id bigint not null,
            applicant_phone varchar(20) not null,
            activity_field varchar(50) not null,
            applicant_name varchar(50) not null,
            preferred_time_slot varchar(50),
            activity_region varchar(100) not null,
            applicant_email varchar(100) not null,
            experience TEXT,
            special_notes TEXT,
            activity_cycle enum ('AS_NEEDED','DAILY','MONTHLY','ONCE','QUARTERLY','WEEKLY') not null,
            status enum ('APPROVED','CANCELLED','COMPLETED','PENDING','REJECTED') not null,
            volunteer_type enum ('GROUP','INDIVIDUAL') not null,
            primary key (id)
        )
    Hibernate: 
        create index IDXs9rsmkbsmk7ar4xsivmfvvunw 
           on adoptions (user_id)
    Hibernate: 
        create index IDX4j32uc1y0vc2oqctl8nl0s35e 
           on adoptions (animal_id)
    Hibernate: 
        create index IDXe1nee1xn4ufhsu1kr0ml3qlw 
           on adoptions (status)
    Hibernate: 
        create index idx_favorites_user 
           on animal_favorites (user_id)
    2026-02-05T23:50:36.178+09:00  WARN 27796 --- [antigravity-animal-system] [    Test worker] o.h.t.s.i.ExceptionHandlerLoggedImpl     : GenerationTarget encountered exception accepting command : Error executing DDL "
        create index idx_favorites_user 
           on animal_favorites (user_id)" via JDBC [Table "ANIMAL_FAVORITES" not found;]

    org.hibernate.tool.schema.spi.CommandAcceptanceException: Error executing DDL "
        create index idx_favorites_user 
           on animal_favorites (user_id)" via JDBC [Table "ANIMAL_FAVORITES" not found;]
    	at org.hibernate.tool.schema.internal.exec.GenerationTargetToDatabase.accept(GenerationTargetToDatabase.java:94) ~[hibernate-core-6.6.5.Final.jar:6.6.5.Final]
    	at org.hibernate.tool.schema.internal.Helper.applySqlString(Helper.java:233) ~[hibernate-core-6.6.5.Final.jar:6.6.5.Final]
    	at org.hibernate.tool.schema.internal.Helper.applySqlStrings(Helper.java:217) ~[hibernate-core-6.6.5.Final.jar:6.6.5.Final]
    	at org.hibernate.tool.schema.internal.SchemaCreatorImpl.createTableConstraints(SchemaCreatorImpl.java:390) ~[hibernate-core-6.6.5.Final.jar:6.6.5.Final]
    	at org.hibernate.tool.schema.internal.SchemaCreatorImpl.createSequencesTablesConstraints(SchemaCreatorImpl.java:356) ~[hibernate-core-6.6.5.Final.jar:6.6.5.Final]
    	at org.hibernate.tool.schema.internal.SchemaCreatorImpl.createFromMetadata(SchemaCreatorImpl.java:239) ~[hibernate-core-6.6.5.Final.jar:6.6.5.Final]
    	at org.hibernate.tool.schema.internal.SchemaCreatorImpl.performCreation(SchemaCreatorImpl.java:172) ~[hibernate-core-6.6.5.Final.jar:6.6.5.Final]
    	at org.hibernate.tool.schema.internal.SchemaCreatorImpl.doCreation(SchemaCreatorImpl.java:142) ~[hibernate-core-6.6.5.Final.jar:6.6.5.Final]
    	at org.hibernate.tool.schema.internal.SchemaCreatorImpl.doCreation(SchemaCreatorImpl.java:118) ~[hibernate-core-6.6.5.Final.jar:6.6.5.Final]
    	at org.hibernate.tool.schema.spi.SchemaManagementToolCoordinator.performDatabaseAction(SchemaManagementToolCoordinator.java:250) ~[hibernate-core-6.6.5.Final.jar:6.6.5.Final]
    	at org.hibernate.tool.schema.spi.SchemaManagementToolCoordinator.lambda$process$5(SchemaManagementToolCoordinator.java:144) ~[hibernate-core-6.6.5.Final.jar:6.6.5.Final]
    	at java.base/java.util.HashMap.forEach(HashMap.java:1429) ~[na:na]
    	at org.hibernate.tool.schema.spi.SchemaManagementToolCoordinator.process(SchemaManagementToolCoordinator.java:141) ~[hibernate-core-6.6.5.Final.jar:6.6.5.Final]
    	at org.hibernate.boot.internal.SessionFactoryObserverForSchemaExport.sessionFactoryCreated(SessionFactoryObserverForSchemaExport.java:37) ~[hibernate-core-6.6.5.Final.jar:6.6.5.Final]
    	at org.hibernate.internal.SessionFactoryObserverChain.sessionFactoryCreated(SessionFactoryObserverChain.java:35) ~[hibernate-core-6.6.5.Final.jar:6.6.5.Final]
    	at org.hibernate.internal.SessionFactoryImpl.<init>(SessionFactoryImpl.java:324) ~[hibernate-core-6.6.5.Final.jar:6.6.5.Final]
    	at org.hibernate.boot.internal.SessionFactoryBuilderImpl.build(SessionFactoryBuilderImpl.java:463) ~[hibernate-core-6.6.5.Final.jar:6.6.5.Final]
    	at org.hibernate.jpa.boot.internal.EntityManagerFactoryBuilderImpl.build(EntityManagerFactoryBuilderImpl.java:1506) ~[hibernate-core-6.6.5.Final.jar:6.6.5.Final]
    	at org.springframework.orm.jpa.vendor.SpringHibernateJpaPersistenceProvider.createContainerEntityManagerFactory(SpringHibernateJpaPersistenceProvider.java:66) ~[spring-orm-6.2.2.jar:6.2.2]
    	at org.springframework.orm.jpa.LocalContainerEntityManagerFactoryBean.createNativeEntityManagerFactory(LocalContainerEntityManagerFactoryBean.java:390) ~[spring-orm-6.2.2.jar:6.2.2]
    	at org.springframework.orm.jpa.AbstractEntityManagerFactoryBean.buildNativeEntityManagerFactory(AbstractEntityManagerFactoryBean.java:419) ~[spring-orm-6.2.2.jar:6.2.2]
    	at org.springframework.orm.jpa.AbstractEntityManagerFactoryBean.afterPropertiesSet(AbstractEntityManagerFactoryBean.java:400) ~[spring-orm-6.2.2.jar:6.2.2]
    	at org.springframework.orm.jpa.LocalContainerEntityManagerFactoryBean.afterPropertiesSet(LocalContainerEntityManagerFactoryBean.java:366) ~[spring-orm-6.2.2.jar:6.2.2]
    	at org.springframework.beans.factory.support.AbstractAutowireCapableBeanFactory.invokeInitMethods(AbstractAutowireCapableBeanFactory.java:1859) ~[spring-beans-6.2.2.jar:6.2.2]
    	at org.springframework.beans.factory.support.AbstractAutowireCapableBeanFactory.initializeBean(AbstractAutowireCapableBeanFactory.java:1808) ~[spring-beans-6.2.2.jar:6.2.2]
    	at org.springframework.beans.factory.support.AbstractAutowireCapableBeanFactory.doCreateBean(AbstractAutowireCapableBeanFactory.java:601) ~[spring-beans-6.2.2.jar:6.2.2]
    	at org.springframework.beans.factory.support.AbstractAutowireCapableBeanFactory.createBean(AbstractAutowireCapableBeanFactory.java:523) ~[spring-beans-6.2.2.jar:6.2.2]
    	at org.springframework.beans.factory.support.AbstractBeanFactory.lambda$doGetBean$0(AbstractBeanFactory.java:336) ~[spring-beans-6.2.2.jar:6.2.2]
    	at org.springframework.beans.factory.support.DefaultSingletonBeanRegistry.getSingleton(DefaultSingletonBeanRegistry.java:307) ~[spring-beans-6.2.2.jar:6.2.2]
    	at org.springframework.beans.factory.support.AbstractBeanFactory.doGetBean(AbstractBeanFactory.java:334) ~[spring-beans-6.2.2.jar:6.2.2]
    	at org.springframework.beans.factory.support.AbstractBeanFactory.getBean(AbstractBeanFactory.java:204) ~[spring-beans-6.2.2.jar:6.2.2]
    	at org.springframework.context.support.AbstractApplicationContext.finishBeanFactoryInitialization(AbstractApplicationContext.java:970) ~[spring-context-6.2.2.jar:6.2.2]
    	at org.springframework.context.support.AbstractApplicationContext.refresh(AbstractApplicationContext.java:627) ~[spring-context-6.2.2.jar:6.2.2]
    	at org.springframework.boot.SpringApplication.refresh(SpringApplication.java:752) ~[spring-boot-3.4.2.jar:3.4.2]
    	at org.springframework.boot.SpringApplication.refreshContext(SpringApplication.java:439) ~[spring-boot-3.4.2.jar:3.4.2]
    	at org.springframework.boot.SpringApplication.run(SpringApplication.java:318) ~[spring-boot-3.4.2.jar:3.4.2]
    	at org.springframework.boot.test.context.SpringBootContextLoader.lambda$loadContext$3(SpringBootContextLoader.java:137) ~[spring-boot-test-3.4.2.jar:3.4.2]
    	at org.springframework.util.function.ThrowingSupplier.get(ThrowingSupplier.java:58) ~[spring-core-6.2.2.jar:6.2.2]
    	at org.springframework.util.function.ThrowingSupplier.get(ThrowingSupplier.java:46) ~[spring-core-6.2.2.jar:6.2.2]
    	at org.springframework.boot.SpringApplication.withHook(SpringApplication.java:1461) ~[spring-boot-3.4.2.jar:3.4.2]
    	at org.springframework.boot.test.context.SpringBootContextLoader$ContextLoaderHook.run(SpringBootContextLoader.java:553) ~[spring-boot-test-3.4.2.jar:3.4.2]
    	at org.springframework.boot.test.context.SpringBootContextLoader.loadContext(SpringBootContextLoader.java:137) ~[spring-boot-test-3.4.2.jar:3.4.2]
    	at org.springframework.boot.test.context.SpringBootContextLoader.loadContext(SpringBootContextLoader.java:108) ~[spring-boot-test-3.4.2.jar:3.4.2]
    	at org.springframework.test.context.cache.DefaultCacheAwareContextLoaderDelegate.loadContextInternal(DefaultCacheAwareContextLoaderDelegate.java:225) ~[spring-test-6.2.2.jar:6.2.2]
    	at org.springframework.test.context.cache.DefaultCacheAwareContextLoaderDelegate.loadContext(DefaultCacheAwareContextLoaderDelegate.java:152) ~[spring-test-6.2.2.jar:6.2.2]
    	at org.springframework.test.context.support.DefaultTestContext.getApplicationContext(DefaultTestContext.java:130) ~[spring-test-6.2.2.jar:6.2.2]
    	at org.springframework.test.context.web.ServletTestExecutionListener.setUpRequestContextIfNecessary(ServletTestExecutionListener.java:191) ~[spring-test-6.2.2.jar:6.2.2]
    	at org.springframework.test.context.web.ServletTestExecutionListener.prepareTestInstance(ServletTestExecutionListener.java:130) ~[spring-test-6.2.2.jar:6.2.2]
    	at org.springframework.test.context.TestContextManager.prepareTestInstance(TestContextManager.java:260) ~[spring-test-6.2.2.jar:6.2.2]
    	at org.springframework.test.context.junit.jupiter.SpringExtension.postProcessTestInstance(SpringExtension.java:160) ~[spring-test-6.2.2.jar:6.2.2]
    	at org.junit.jupiter.engine.descriptor.ClassBasedTestDescriptor.lambda$invokeTestInstancePostProcessors$11(ClassBasedTestDescriptor.java:378) ~[junit-jupiter-engine-5.11.4.jar:5.11.4]
    	at org.junit.jupiter.engine.descriptor.ClassBasedTestDescriptor.executeAndMaskThrowable(ClassBasedTestDescriptor.java:383) ~[junit-jupiter-engine-5.11.4.jar:5.11.4]
    	at org.junit.jupiter.engine.descriptor.ClassBasedTestDescriptor.lambda$invokeTestInstancePostProcessors$12(ClassBasedTestDescriptor.java:378) ~[junit-jupiter-engine-5.11.4.jar:5.11.4]
    	at java.base/java.util.stream.ForEachOps$ForEachOp$OfRef.accept(ForEachOps.java:184) ~[na:na]
    	at java.base/java.util.stream.ReferencePipeline$3$1.accept(ReferencePipeline.java:197) ~[na:na]
    	at java.base/java.util.stream.ReferencePipeline$2$1.accept(ReferencePipeline.java:179) ~[na:na]
    	at java.base/java.util.stream.ReferencePipeline$3$1.accept(ReferencePipeline.java:197) ~[na:na]
    	at java.base/java.util.ArrayList$ArrayListSpliterator.forEachRemaining(ArrayList.java:1708) ~[na:na]
    	at java.base/java.util.stream.AbstractPipeline.copyInto(AbstractPipeline.java:509) ~[na:na]
    	at java.base/java.util.stream.AbstractPipeline.wrapAndCopyInto(AbstractPipeline.java:499) ~[na:na]
    	at java.base/java.util.stream.ForEachOps$ForEachOp.evaluateSequential(ForEachOps.java:151) ~[na:na]
    	at java.base/java.util.stream.ForEachOps$ForEachOp$OfRef.evaluateSequential(ForEachOps.java:174) ~[na:na]
    	at java.base/java.util.stream.AbstractPipeline.evaluate(AbstractPipeline.java:234) ~[na:na]
    	at java.base/java.util.stream.ReferencePipeline.forEach(ReferencePipeline.java:596) ~[na:na]
    	at org.junit.jupiter.engine.descriptor.ClassBasedTestDescriptor.invokeTestInstancePostProcessors(ClassBasedTestDescriptor.java:377) ~[junit-jupiter-engine-5.11.4.jar:5.11.4]
    	at org.junit.jupiter.engine.descriptor.ClassBasedTestDescriptor.lambda$instantiateAndPostProcessTestInstance$7(ClassBasedTestDescriptor.java:290) ~[junit-jupiter-engine-5.11.4.jar:5.11.4]
    	at org.junit.platform.engine.support.hierarchical.ThrowableCollector.execute(ThrowableCollector.java:73) ~[junit-platform-engine-1.11.4.jar:1.11.4]
    	at org.junit.jupiter.engine.descriptor.ClassBasedTestDescriptor.instantiateAndPostProcessTestInstance(ClassBasedTestDescriptor.java:289) ~[junit-jupiter-engine-5.11.4.jar:5.11.4]
    	at org.junit.jupiter.engine.descriptor.ClassBasedTestDescriptor.lambda$testInstancesProvider$5(ClassBasedTestDescriptor.java:279) ~[junit-jupiter-engine-5.11.4.jar:5.11.4]
    	at java.base/java.util.Optional.orElseGet(Optional.java:364) ~[na:na]
    	at org.junit.jupiter.engine.descriptor.ClassBasedTestDescriptor.lambda$testInstancesProvider$6(ClassBasedTestDescriptor.java:278) ~[junit-jupiter-engine-5.11.4.jar:5.11.4]
    	at org.junit.jupiter.engine.execution.TestInstancesProvider.getTestInstances(TestInstancesProvider.java:31) ~[junit-jupiter-engine-5.11.4.jar:5.11.4]
    	at org.junit.jupiter.engine.descriptor.TestMethodTestDescriptor.lambda$prepare$1(TestMethodTestDescriptor.java:105) ~[junit-jupiter-engine-5.11.4.jar:5.11.4]
    	at org.junit.platform.engine.support.hierarchical.ThrowableCollector.execute(ThrowableCollector.java:73) ~[junit-platform-engine-1.11.4.jar:1.11.4]
    	at org.junit.jupiter.engine.descriptor.TestMethodTestDescriptor.prepare(TestMethodTestDescriptor.java:104) ~[junit-jupiter-engine-5.11.4.jar:5.11.4]
    	at org.junit.jupiter.engine.descriptor.TestMethodTestDescriptor.prepare(TestMethodTestDescriptor.java:68) ~[junit-jupiter-engine-5.11.4.jar:5.11.4]
    	at org.junit.platform.engine.support.hierarchical.NodeTestTask.lambda$prepare$2(NodeTestTask.java:128) ~[junit-platform-engine-1.11.4.jar:1.11.4]
    	at org.junit.platform.engine.support.hierarchical.ThrowableCollector.execute(ThrowableCollector.java:73) ~[junit-platform-engine-1.11.4.jar:1.11.4]
    	at org.junit.platform.engine.support.hierarchical.NodeTestTask.prepare(NodeTestTask.java:128) ~[junit-platform-engine-1.11.4.jar:1.11.4]
    	at org.junit.platform.engine.support.hierarchical.NodeTestTask.execute(NodeTestTask.java:95) ~[junit-platform-engine-1.11.4.jar:1.11.4]
    	at java.base/java.util.ArrayList.forEach(ArrayList.java:1596) ~[na:na]
    	at org.junit.platform.engine.support.hierarchical.SameThreadHierarchicalTestExecutorService.invokeAll(SameThreadHierarchicalTestExecutorService.java:41) ~[junit-platform-engine-1.11.4.jar:1.11.4]
    	at org.junit.platform.engine.support.hierarchical.NodeTestTask.lambda$executeRecursively$6(NodeTestTask.java:160) ~[junit-platform-engine-1.11.4.jar:1.11.4]
    	at org.junit.platform.engine.support.hierarchical.ThrowableCollector.execute(ThrowableCollector.java:73) ~[junit-platform-engine-1.11.4.jar:1.11.4]
    	at org.junit.platform.engine.support.hierarchical.NodeTestTask.lambda$executeRecursively$8(NodeTestTask.java:146) ~[junit-platform-engine-1.11.4.jar:1.11.4]
    	at org.junit.platform.engine.support.hierarchical.Node.around(Node.java:137) ~[junit-platform-engine-1.11.4.jar:1.11.4]
    	at org.junit.platform.engine.support.hierarchical.NodeTestTask.lambda$executeRecursively$9(NodeTestTask.java:144) ~[junit-platform-engine-1.11.4.jar:1.11.4]
    	at org.junit.platform.engine.support.hierarchical.ThrowableCollector.execute(ThrowableCollector.java:73) ~[junit-platform-engine-1.11.4.jar:1.11.4]
    	at org.junit.platform.engine.support.hierarchical.NodeTestTask.executeRecursively(NodeTestTask.java:143) ~[junit-platform-engine-1.11.4.jar:1.11.4]
    	at org.junit.platform.engine.support.hierarchical.NodeTestTask.execute(NodeTestTask.java:100) ~[junit-platform-engine-1.11.4.jar:1.11.4]
    	at java.base/java.util.ArrayList.forEach(ArrayList.java:1596) ~[na:na]
    	at org.junit.platform.engine.support.hierarchical.SameThreadHierarchicalTestExecutorService.invokeAll(SameThreadHierarchicalTestExecutorService.java:41) ~[junit-platform-engine-1.11.4.jar:1.11.4]
    	at org.junit.platform.engine.support.hierarchical.NodeTestTask.lambda$executeRecursively$6(NodeTestTask.java:160) ~[junit-platform-engine-1.11.4.jar:1.11.4]
    	at org.junit.platform.engine.support.hierarchical.ThrowableCollector.execute(ThrowableCollector.java:73) ~[junit-platform-engine-1.11.4.jar:1.11.4]
    	at org.junit.platform.engine.support.hierarchical.NodeTestTask.lambda$executeRecursively$8(NodeTestTask.java:146) ~[junit-platform-engine-1.11.4.jar:1.11.4]
    	at org.junit.platform.engine.support.hierarchical.Node.around(Node.java:137) ~[junit-platform-engine-1.11.4.jar:1.11.4]
    	at org.junit.platform.engine.support.hierarchical.NodeTestTask.lambda$executeRecursively$9(NodeTestTask.java:144) ~[junit-platform-engine-1.11.4.jar:1.11.4]
    	at org.junit.platform.engine.support.hierarchical.ThrowableCollector.execute(ThrowableCollector.java:73) ~[junit-platform-engine-1.11.4.jar:1.11.4]
    	at org.junit.platform.engine.support.hierarchical.NodeTestTask.executeRecursively(NodeTestTask.java:143) ~[junit-platform-engine-1.11.4.jar:1.11.4]
    	at org.junit.platform.engine.support.hierarchical.NodeTestTask.execute(NodeTestTask.java:100) ~[junit-platform-engine-1.11.4.jar:1.11.4]
    	at org.junit.platform.engine.support.hierarchical.SameThreadHierarchicalTestExecutorService.submit(SameThreadHierarchicalTestExecutorService.java:35) ~[junit-platform-engine-1.11.4.jar:1.11.4]
    	at org.junit.platform.engine.support.hierarchical.HierarchicalTestExecutor.execute(HierarchicalTestExecutor.java:57) ~[junit-platform-engine-1.11.4.jar:1.11.4]
    	at org.junit.platform.engine.support.hierarchical.HierarchicalTestEngine.execute(HierarchicalTestEngine.java:54) ~[junit-platform-engine-1.11.4.jar:1.11.4]
    	at org.junit.platform.launcher.core.EngineExecutionOrchestrator.execute(EngineExecutionOrchestrator.java:198) ~[junit-platform-launcher-1.11.4.jar:1.11.4]
    	at org.junit.platform.launcher.core.EngineExecutionOrchestrator.execute(EngineExecutionOrchestrator.java:169) ~[junit-platform-launcher-1.11.4.jar:1.11.4]
    	at org.junit.platform.launcher.core.EngineExecutionOrchestrator.execute(EngineExecutionOrchestrator.java:93) ~[junit-platform-launcher-1.11.4.jar:1.11.4]
    	at org.junit.platform.launcher.core.EngineExecutionOrchestrator.lambda$execute$0(EngineExecutionOrchestrator.java:58) ~[junit-platform-launcher-1.11.4.jar:1.11.4]
    	at org.junit.platform.launcher.core.EngineExecutionOrchestrator.withInterceptedStreams(EngineExecutionOrchestrator.java:141) ~[junit-platform-launcher-1.11.4.jar:1.11.4]
    	at org.junit.platform.launcher.core.EngineExecutionOrchestrator.execute(EngineExecutionOrchestrator.java:57) ~[junit-platform-launcher-1.11.4.jar:1.11.4]
    	at org.junit.platform.launcher.core.DefaultLauncher.execute(DefaultLauncher.java:103) ~[junit-platform-launcher-1.11.4.jar:1.11.4]
    	at org.junit.platform.launcher.core.DefaultLauncher.execute(DefaultLauncher.java:85) ~[junit-platform-launcher-1.11.4.jar:1.11.4]
    	at org.junit.platform.launcher.core.DelegatingLauncher.execute(DelegatingLauncher.java:47) ~[junit-platform-launcher-1.11.4.jar:1.11.4]
    	at org.gradle.api.internal.tasks.testing.junitplatform.JUnitPlatformTestClassProcessor$CollectAllTestClassesExecutor.processAllTestClasses(JUnitPlatformTestClassProcessor.java:135) ~[na:na]
    	at org.gradle.api.internal.tasks.testing.junitplatform.JUnitPlatformTestClassProcessor$CollectAllTestClassesExecutor.access$000(JUnitPlatformTestClassProcessor.java:110) ~[na:na]
    	at org.gradle.api.internal.tasks.testing.junitplatform.JUnitPlatformTestClassProcessor.stop(JUnitPlatformTestClassProcessor.java:104) ~[na:na]
    	at org.gradle.api.internal.tasks.testing.SuiteTestClassProcessor.stop(SuiteTestClassProcessor.java:64) ~[na:na]
    	at java.base/jdk.internal.reflect.DirectMethodHandleAccessor.invoke(DirectMethodHandleAccessor.java:103) ~[na:na]
    	at java.base/java.lang.reflect.Method.invoke(Method.java:580) ~[na:na]
    	at org.gradle.internal.dispatch.ReflectionDispatch.dispatch(ReflectionDispatch.java:36) ~[na:na]
    	at org.gradle.internal.dispatch.ReflectionDispatch.dispatch(ReflectionDispatch.java:24) ~[na:na]
    	at org.gradle.internal.dispatch.ContextClassLoaderDispatch.dispatch(ContextClassLoaderDispatch.java:33) ~[na:na]
    	at org.gradle.internal.dispatch.ProxyDispatchAdapter$DispatchingInvocationHandler.invoke(ProxyDispatchAdapter.java:92) ~[na:na]
    	at jdk.proxy1/jdk.proxy1.$Proxy4.stop(Unknown Source) ~[na:na]
    	at org.gradle.api.internal.tasks.testing.worker.TestWorker$3.run(TestWorker.java:200) ~[na:na]
    	at org.gradle.api.internal.tasks.testing.worker.TestWorker.executeAndMaintainThreadName(TestWorker.java:132) ~[na:na]
    	at org.gradle.api.internal.tasks.testing.worker.TestWorker.execute(TestWorker.java:103) ~[na:na]
    	at org.gradle.api.internal.tasks.testing.worker.TestWorker.execute(TestWorker.java:63) ~[na:na]
    	at org.gradle.process.internal.worker.child.ActionExecutionWorker.execute(ActionExecutionWorker.java:56) ~[na:na]
    	at org.gradle.process.internal.worker.child.SystemApplicationClassLoaderWorker.call(SystemApplicationClassLoaderWorker.java:122) ~[na:na]
    	at org.gradle.process.internal.worker.child.SystemApplicationClassLoaderWorker.call(SystemApplicationClassLoaderWorker.java:72) ~[na:na]
    	at worker.org.gradle.process.internal.worker.GradleWorkerMain.run(GradleWorkerMain.java:69) ~[gradle-worker.jar:na]
    	at worker.org.gradle.process.internal.worker.GradleWorkerMain.main(GradleWorkerMain.java:74) ~[gradle-worker.jar:na]
    Caused by: org.h2.jdbc.JdbcSQLSyntaxErrorException: Table "ANIMAL_FAVORITES" not found; SQL statement:

        create index idx_favorites_user 
           on animal_favorites (us [42102-232]
    	at org.h2.message.DbException.getJdbcSQLException(DbException.java:514) ~[h2-2.3.232.jar:2.3.232]
    	at org.h2.message.DbException.getJdbcSQLException(DbException.java:489) ~[h2-2.3.232.jar:2.3.232]
    	at org.h2.message.DbException.get(DbException.java:223) ~[h2-2.3.232.jar:2.3.232]
    	at org.h2.message.DbException.get(DbException.java:199) ~[h2-2.3.232.jar:2.3.232]
    	at org.h2.command.ddl.CreateIndex.update(CreateIndex.java:70) ~[h2-2.3.232.jar:2.3.232]
    	at org.h2.command.CommandContainer.update(CommandContainer.java:139) ~[h2-2.3.232.jar:2.3.232]
    	at org.h2.command.Command.executeUpdate(Command.java:304) ~[h2-2.3.232.jar:2.3.232]
    	at org.h2.command.Command.executeUpdate(Command.java:248) ~[h2-2.3.232.jar:2.3.232]
    	at org.h2.jdbc.JdbcStatement.executeInternal(JdbcStatement.java:262) ~[h2-2.3.232.jar:2.3.232]
    	at org.h2.jdbc.JdbcStatement.execute(JdbcStatement.java:231) ~[h2-2.3.232.jar:2.3.232]
    	at com.zaxxer.hikari.pool.ProxyStatement.execute(ProxyStatement.java:94) ~[HikariCP-5.1.0.jar:na]
    	at com.zaxxer.hikari.pool.HikariProxyStatement.execute(HikariProxyStatement.java) ~[HikariCP-5.1.0.jar:na]
    	at org.hibernate.tool.schema.internal.exec.GenerationTargetToDatabase.accept(GenerationTargetToDatabase.java:80) ~[hibernate-core-6.6.5.Final.jar:6.6.5.Final]
    	... 131 common frames omitted

    Hibernate: 
        create index idx_animal_images_animal 
           on animal_images (animal_id)
    Hibernate: 
        create index idx_animal_species 
           on animals (species)
    Hibernate: 
        create index idx_animals_status 
           on animals (status)
    Hibernate: 
        create index idx_animals_shelter 
           on animals (shelter_id)
    Hibernate: 
        create index idx_animals_public_api_id 
           on animals (public_api_animal_id)
    Hibernate: 
        create index idx_board_type 
           on boards (type)
    Hibernate: 
        create index idx_boards_created 
           on boards (created_at)
    Hibernate: 
        create index idx_boards_shelter 
           on boards (shelter_id)
    Hibernate: 
        create index idx_comments_board 
           on comments (board_id)
    Hibernate: 
        create index idx_donation_requests_shelter 
           on donation_requests (shelter_id)
    Hibernate: 
        create index idx_donation_requests_status 
           on donation_requests (status)
    Hibernate: 
        create index idx_donations_user 
           on donations (user_id)
    Hibernate: 
        create index idx_donations_shelter 
           on donations (shelter_id)
    Hibernate: 
        create index idx_shelters_name 
           on shelters (name)
    Hibernate: 
        create index idx_shelters_business_reg 
           on shelters (business_registration_number)
    Hibernate: 
        create index idx_shelters_verification 
           on shelters (verification_status)
    Hibernate: 
        create index idx_sync_history_run_at 
           on sync_history (created_at)
    Hibernate: 
        create index idx_volunteer_recruitments_shelter 
           on volunteer_recruitments (shelter_id)
    Hibernate: 
        create index idx_volunteer_recruitments_status 
           on volunteer_recruitments (status)
    Hibernate: 
        create index idx_volunteers_user 
           on volunteers (user_id)
    Hibernate: 
        create index idx_volunteers_shelter 
           on volunteers (shelter_id)
    Hibernate: 
        create index idx_volunteers_date 
           on volunteers (volunteer_date_start)
    Hibernate: 
        alter table if exists adoptions 
           add constraint FK4s4y68pvbsfgmqsddf27sb9i1 
           foreign key (animal_id) 
           references animals
    Hibernate: 
        alter table if exists adoptions 
           add constraint FK62lsvmw4ij0kknnc8eaixicsl 
           foreign key (user_id) 
           references users
    Hibernate: 
        alter table if exists animal_favorite 
           add constraint FKdorihkcyteptiwk8tv3fp11i0 
           foreign key (animal_id) 
           references animals
    Hibernate: 
        alter table if exists animal_favorite 
           add constraint FKl0g2nirfxb81j766p5ou1dhw5 
           foreign key (user_id) 
           references users
    Hibernate: 
        alter table if exists animal_favorites 
           add constraint FKeakdibqkojqrfh47gm5nw8js0 
           foreign key (animal_id) 
           references animals
    Hibernate: 
        alter table if exists animal_favorites 
           add constraint FK3hpntr9rvpy4ckb7kiwk67l3y 
           foreign key (user_id) 
           references users
    Hibernate: 
        alter table if exists animal_images 
           add constraint FKdb9e5s1rpdxe26ay2rrt0t5ox 
           foreign key (animal_id) 
           references animals
    Hibernate: 
        alter table if exists animals 
           add constraint FK7fmlpw3o4ourhtv3qy8gl6cn5 
           foreign key (shelter_id) 
           references shelters
    Hibernate: 
        alter table if exists boards 
           add constraint FKn5hgyt6iiqq0xq99lhldxdmq9 
           foreign key (shelter_id) 
           references shelters
    Hibernate: 
        alter table if exists boards 
           add constraint FK7kt8hby5livgmjj15f79e9t6v 
           foreign key (user_id) 
           references users
    Hibernate: 
        alter table if exists comments 
           add constraint FKo7l08y12wlmjbt81ey5wysk2g 
           foreign key (board_id) 
           references boards
    Hibernate: 
        alter table if exists comments 
           add constraint FK8omq0tc18jd43bu5tjh6jvraq 
           foreign key (user_id) 
           references users
    Hibernate: 
        alter table if exists donation_requests 
           add constraint FKna85gvduvuos1p6yrw0i7h06e 
           foreign key (shelter_id) 
           references shelters
    Hibernate: 
        alter table if exists donations 
           add constraint FKmp0ia4avb579ou64yj33j3s2k 
           foreign key (board_id) 
           references boards
    Hibernate: 
        alter table if exists donations 
           add constraint FKb0bkykn1x9ty4j1nutjyupqts 
           foreign key (request_id) 
           references donation_requests
    Hibernate: 
        alter table if exists donations 
           add constraint FKe79hwjle3c7gbxdiqb3cnd5a8 
           foreign key (shelter_id) 
           references shelters
    Hibernate: 
        alter table if exists donations 
           add constraint FKd2p196clbvqgbemy05ndspwu 
           foreign key (user_id) 
           references users
    Hibernate: 
        alter table if exists notifications 
           add constraint FK9y21adhxn0ayjhfocscqox7bh 
           foreign key (user_id) 
           references users
    Hibernate: 
        alter table if exists preferences 
           add constraint FKme1hmam0h8w07410h7qkjna5m 
           foreign key (user_id) 
           references users
    Hibernate: 
        alter table if exists shelters 
           add constraint FKbd710co4mpviral8oc26myhol 
           foreign key (manager_id) 
           references users
    Hibernate: 
        alter table if exists volunteer_recruitments 
           add constraint FKtfuutx7xvm3kxw8ooro4ske3s 
           foreign key (shelter_id) 
           references shelters
    Hibernate: 
        alter table if exists volunteers 
           add constraint FKsoyd2vr5kljqkdactjyu3wu2o 
           foreign key (board_id) 
           references boards
    Hibernate: 
        alter table if exists volunteers 
           add constraint FKln24prowxx0v9mfxnuoo74a14 
           foreign key (shelter_id) 
           references shelters
    Hibernate: 
        alter table if exists volunteers 
           add constraint FK7w082tdu6mqd1a1doc0o6ju4e 
           foreign key (user_id) 
           references users
    Hibernate: 
        alter table if exists volunteers 
           add constraint FKg35u73hfqf3tlvyi0ctmdpdy5 
           foreign key (recruitment_id) 
           references volunteer_recruitments
    2026-02-05T23:50:36.255+09:00  INFO 27796 --- [antigravity-animal-system] [    Test worker] j.LocalContainerEntityManagerFactoryBean : Initialized JPA EntityManagerFactory for persistence unit 'default'
    2026-02-05T23:50:36.683+09:00  INFO 27796 --- [antigravity-animal-system] [    Test worker] o.s.d.j.r.query.QueryEnhancerFactory     : Hibernate is in classpath; If applicable, HQL parser will be used.
    2026-02-05T23:50:37.965+09:00  WARN 27796 --- [antigravity-animal-system] [    Test worker] JpaBaseConfiguration$JpaWebConfiguration : spring.jpa.open-in-view is enabled by default. Therefore, database queries may be performed during view rendering. Explicitly configure spring.jpa.open-in-view to disable this warning
    2026-02-05T23:50:37.989+09:00  WARN 27796 --- [antigravity-animal-system] [    Test worker] .s.s.UserDetailsServiceAutoConfiguration : 

    Using generated security password: 0fa52432-204e-4460-a3c6-1a469858619b

    This generated password is for development use only. Your security configuration must be updated before running your application in production.

    2026-02-05T23:50:37.998+09:00  INFO 27796 --- [antigravity-animal-system] [    Test worker] r$InitializeUserDetailsManagerConfigurer : Global AuthenticationManager configured with UserDetailsService bean with name inMemoryUserDetailsManager
    2026-02-05T23:50:38.118+09:00  INFO 27796 --- [antigravity-animal-system] [    Test worker] o.s.b.a.w.s.WelcomePageHandlerMapping    : Adding welcome page template: index
    2026-02-05T23:50:38.813+09:00  INFO 27796 --- [antigravity-animal-system] [    Test worker] o.s.b.a.h2.H2ConsoleAutoConfiguration    : H2 console available at '/h2-console'. Database available at 'jdbc:h2:mem:animaldb'
    2026-02-05T23:50:38.907+09:00  INFO 27796 --- [antigravity-animal-system] [    Test worker] c.d.p.service.DonationServiceTest        : Started DonationServiceTest in 7.811 seconds (process running for 9.271)

DonationServiceTest > ?쇰컲?뚯썝??湲곕? ?댁뿭 議고쉶 ?뚯뒪??STANDARD_ERROR
    Mockito is currently self-attaching to enable the inline-mock-maker. This will no longer work in future releases of the JDK. Please add Mockito as an agent to your build what is described in Mockito's documentation: https://javadoc.io/doc/org.mockito/mockito-core/latest/org/mockito/Mockito.html#0.3
    WARNING: A Java agent has been loaded dynamically (C:\Users\M\.gradle\caches\modules-2\files-2.1\net.bytebuddy\byte-buddy-agent\1.15.11\a38b16385e867f59a641330f0362ebe742788ed8\byte-buddy-agent-1.15.11.jar)
    WARNING: If a serviceability tool is in use, please run with -XX:+EnableDynamicAgentLoading to hide this warning
    WARNING: If a serviceability tool is not in use, please run with -Djdk.instrument.traceUsage for more information
    WARNING: Dynamic loading of agents will be disallowed by default in a future release

./gradlew : OpenJDK 64-Bit Server VM warning: Sharing is o
nly supported for boot loader classes because bootstrap cl
asspath has been appended
위치 줄:1 문자:1
+ ./gradlew :backend:test --info > test_output.txt 2>&1
+ ~~~~~~~~~~~~~~~~~~~~~~~~~~~~~~~~~~~~~~~~~~~~~~~~~~~~~
    + CategoryInfo          : NotSpecified: (OpenJDK 6    
4-Bit ...s been appended:String) [], RemoteExcepti    on
    + FullyQualifiedErrorId : NativeCommandError
 
Gradle Test Executor 3 finished executing tests.
2026-02-05T23:50:40.063+09:00  INFO 27796 --- [antigravity-animal-system] [ionShutdownHook] j.LocalContainerEntityManagerFactoryBean : Closing JPA EntityManagerFactory for persistence unit 'default'
Hibernate: 
    drop table if exists adoptions cascade 
Hibernate: 
    drop table if exists animal_favorite cascade 
Hibernate: 
    drop table if exists animal_favorites cascade 
Hibernate: 
    drop table if exists animal_images cascade 
Hibernate: 
    drop table if exists animals cascade 
Hibernate: 
    drop table if exists boards cascade 
Hibernate: 
    drop table if exists comments cascade 
Hibernate: 
    drop table if exists donation_requests cascade 
Hibernate: 
    drop table if exists donations cascade 
Hibernate: 
    drop table if exists notifications cascade 
Hibernate: 
    drop table if exists preferences cascade 
Hibernate: 
    drop table if exists shelters cascade 
Hibernate: 
    drop table if exists sync_history cascade 
Hibernate: 
    drop table if exists users cascade 
Hibernate: 
    drop table if exists volunteer_recruitments cascade 
Hibernate: 
    drop table if exists volunteers cascade 
Hibernate: 
    drop sequence if exists adoptions_seq
2026-02-05T23:50:40.074+09:00  INFO 27796 --- [antigravity-animal-system] [ionShutdownHook] com.zaxxer.hikari.HikariDataSource       : HikariPool-1 - Shutdown initiated...
2026-02-05T23:50:40.076+09:00  INFO 27796 --- [antigravity-animal-system] [ionShutdownHook] com.zaxxer.hikari.HikariDataSource       : HikariPool-1 - Shutdown completed.

> Task :backend:test FAILED

DonationServiceTest > ?쇰컲?뚯썝??湲곕? ?댁뿭 議고쉶 ?뚯뒪??STANDARD_OUT
    Hibernate: 
        insert 
        into
            users
            (address, created_at, email, is_temporary_password, name, password, phone, role, updated_at, id) 
        values
            (?, ?, ?, ?, ?, ?, ?, ?, ?, default)
    Hibernate: 
        insert 
        into
            shelters
            (address, business_registration_file, business_registration_number, created_at, email, latitude, longitude, manager_id, manager_name, manager_phone, name, phone, public_api_shelter_id, updated_at, verification_status, verified_at, id) 
        values
            (?, ?, ?, ?, ?, ?, ?, ?, ?, ?, ?, ?, ?, ?, ?, ?, default)
    Hibernate: 
        select
            d1_0.id,
            d1_0.amount,
            d1_0.board_id,
            d1_0.created_at,
            d1_0.delivery_method,
            d1_0.donation_category,
            d1_0.request_id,
            d1_0.donation_type,
            d1_0.donor_birthdate,
            d1_0.donor_email,
            d1_0.donor_name,
            d1_0.donor_phone,
            d1_0.donor_type,
            d1_0.item_name,
            d1_0.newsletter_consent,
            d1_0.payment_method,
            d1_0.quantity,
            d1_0.receipt_requested,
            d1_0.resident_registration_number,
            d1_0.shelter_id,
            d1_0.status,
            d1_0.tracking_number,
            d1_0.updated_at,
            d1_0.user_id 
        from
            donations d1_0 
        left join
            users u1_0 
                on u1_0.id=d1_0.user_id 
        where
            u1_0.id=?

DonationServiceTest > ?쇰컲?뚯썝??湲곕? ?댁뿭 議고쉶 ?뚯뒪??FAILED
    org.opentest4j.AssertionFailedError: 湲곕? ?댁뿭??DB???놁뒿?덈떎. ==> expected: <false> but was: <true>
        at app//org.junit.jupiter.api.AssertionFailureBuilder.build(AssertionFailureBuilder.java:151)
        at app//org.junit.jupiter.api.AssertionFailureBuilder.buildAndThrow(AssertionFailureBuilder.java:132)
        at app//org.junit.jupiter.api.AssertFalse.failNotFalse(AssertFalse.java:63)
        at app//org.junit.jupiter.api.AssertFalse.assertFalse(AssertFalse.java:36)
        at app//org.junit.jupiter.api.Assertions.assertFalse(Assertions.java:239)
        at app//com.dnproject.platform.service.DonationServiceTest.getMyDonationsTest(DonationServiceTest.java:155)

DonationServiceTest > 蹂댄샇?뚯뿉 ?ㅼ뼱??湲곕? 紐⑸줉 議고쉶 ?뚯뒪??STANDARD_OUT
    Hibernate: 
        insert 
        into
            users
            (address, created_at, email, is_temporary_password, name, password, phone, role, updated_at, id) 
        values
            (?, ?, ?, ?, ?, ?, ?, ?, ?, default)
    Hibernate: 
        insert 
        into
            shelters
            (address, business_registration_file, business_registration_number, created_at, email, latitude, longitude, manager_id, manager_name, manager_phone, name, phone, public_api_shelter_id, updated_at, verification_status, verified_at, id) 
        values
            (?, ?, ?, ?, ?, ?, ?, ?, ?, ?, ?, ?, ?, ?, ?, ?, default)
    Hibernate: 
        select
            d1_0.id,
            d1_0.amount,
            d1_0.board_id,
            d1_0.created_at,
            d1_0.delivery_method,
            d1_0.donation_category,
            d1_0.request_id,
            d1_0.donation_type,
            d1_0.donor_birthdate,
            d1_0.donor_email,
            d1_0.donor_name,
            d1_0.donor_phone,
            d1_0.donor_type,
            d1_0.item_name,
            d1_0.newsletter_consent,
            d1_0.payment_method,
            d1_0.quantity,
            d1_0.receipt_requested,
            d1_0.resident_registration_number,
            d1_0.shelter_id,
            d1_0.status,
            d1_0.tracking_number,
            d1_0.updated_at,
            d1_0.user_id 
        from
            donations d1_0 
        left join
            shelters s1_0 
                on s1_0.id=d1_0.shelter_id 
        where
            s1_0.id=?

DonationServiceTest > 蹂댄샇?뚯뿉 ?ㅼ뼱??湲곕? 紐⑸줉 議고쉶 ?뚯뒪??FAILED
    org.opentest4j.AssertionFailedError: ?댁뿭???놁뒿?덈떎. ==> expected: <false> but was: <true>
        at app//org.junit.jupiter.api.AssertionFailureBuilder.build(AssertionFailureBuilder.java:151)
        at app//org.junit.jupiter.api.AssertionFailureBuilder.buildAndThrow(AssertionFailureBuilder.java:132)
        at app//org.junit.jupiter.api.AssertFalse.failNotFalse(AssertFalse.java:63)
        at app//org.junit.jupiter.api.AssertFalse.assertFalse(AssertFalse.java:36)
        at app//org.junit.jupiter.api.Assertions.assertFalse(Assertions.java:239)
        at app//com.dnproject.platform.service.DonationServiceTest.getShelterDonationsTest(DonationServiceTest.java:170)

DonationServiceTest > 臾쇳뭹 ?꾩썝 ?좎껌???섎웾 ?낅뜲?댄듃 ?뚯뒪??STANDARD_OUT
    Hibernate: 
        insert 
        into
            users
            (address, created_at, email, is_temporary_password, name, password, phone, role, updated_at, id) 
        values
            (?, ?, ?, ?, ?, ?, ?, ?, ?, default)
    Hibernate: 
        insert 
        into
            shelters
            (address, business_registration_file, business_registration_number, created_at, email, latitude, longitude, manager_id, manager_name, manager_phone, name, phone, public_api_shelter_id, updated_at, verification_status, verified_at, id) 
        values
            (?, ?, ?, ?, ?, ?, ?, ?, ?, ?, ?, ?, ?, ?, ?, ?, default)
    Hibernate: 
        insert 
        into
            donation_requests
            (content, created_at, current_quantity, deadline, item_category, shelter_id, status, target_quantity, title, updated_at, id) 
        values
            (?, ?, ?, ?, ?, ?, ?, ?, ?, ?, default)
    Hibernate: 
        insert 
        into
            donations
            (amount, board_id, created_at, delivery_method, donation_category, request_id, donation_type, donor_birthdate, donor_email, donor_name, donor_phone, donor_type, item_name, newsletter_consent, payment_method, quantity, receipt_requested, resident_registration_number, shelter_id, status, tracking_number, updated_at, user_id, id) 
        values
            (?, ?, ?, ?, ?, ?, ?, ?, ?, ?, ?, ?, ?, ?, ?, ?, ?, ?, ?, ?, ?, ?, ?, default)

DonationServiceTest > 湲곕? ?곹깭 蹂寃??뚯뒪?? PENDING -> RECEIVED STANDARD_OUT
    Hibernate: 
        insert 
        into
            users
            (address, created_at, email, is_temporary_password, name, password, phone, role, updated_at, id) 
        values
            (?, ?, ?, ?, ?, ?, ?, ?, ?, default)
    Hibernate: 
        insert 
        into
            shelters
            (address, business_registration_file, business_registration_number, created_at, email, latitude, longitude, manager_id, manager_name, manager_phone, name, phone, public_api_shelter_id, updated_at, verification_status, verified_at, id) 
        values
            (?, ?, ?, ?, ?, ?, ?, ?, ?, ?, ?, ?, ?, ?, ?, ?, default)
    Hibernate: 
        select
            d1_0.id,
            d1_0.amount,
            d1_0.board_id,
            d1_0.created_at,
            d1_0.delivery_method,
            d1_0.donation_category,
            d1_0.request_id,
            d1_0.donation_type,
            d1_0.donor_birthdate,
            d1_0.donor_email,
            d1_0.donor_name,
            d1_0.donor_phone,
            d1_0.donor_type,
            d1_0.item_name,
            d1_0.newsletter_consent,
            d1_0.payment_method,
            d1_0.quantity,
            d1_0.receipt_requested,
            d1_0.resident_registration_number,
            d1_0.shelter_id,
            d1_0.status,
            d1_0.tracking_number,
            d1_0.updated_at,
            d1_0.user_id 
        from
            donations d1_0 
        left join
            users u1_0 
                on u1_0.id=d1_0.user_id 
        where
            u1_0.id=?

DonationServiceTest > 湲곕? ?곹깭 蹂寃??뚯뒪?? PENDING -> RECEIVED FAILED
    org.opentest4j.AssertionFailedError: ?뚯뒪?몃? ?꾪븳 湲곕? ?곗씠?곌? DB???덉뼱???⑸땲?? ==> expected: <false> but was: <true>
        at app//org.junit.jupiter.api.AssertionFailureBuilder.build(AssertionFailureBuilder.java:151)
        at app//org.junit.jupiter.api.AssertionFailureBuilder.buildAndThrow(AssertionFailureBuilder.java:132)
        at app//org.junit.jupiter.api.AssertFalse.failNotFalse(AssertFalse.java:63)
        at app//org.junit.jupiter.api.AssertFalse.assertFalse(AssertFalse.java:36)
        at app//org.junit.jupiter.api.Assertions.assertFalse(Assertions.java:239)
        at app//com.dnproject.platform.service.DonationServiceTest.updateDonationStatusTest(DonationServiceTest.java:182)

DonationServiceTest > 湲곕? ?붿껌 ?섎웾??紐⑤몢 梨꾩슦硫?怨듦퀬 ?곹깭媛 CLOSED濡?蹂寃쎈릺?댁빞 ?쒕떎 STANDARD_OUT
    Hibernate: 
        insert 
        into
            users
            (address, created_at, email, is_temporary_password, name, password, phone, role, updated_at, id) 
        values
            (?, ?, ?, ?, ?, ?, ?, ?, ?, default)
    Hibernate: 
        insert 
        into
            shelters
            (address, business_registration_file, business_registration_number, created_at, email, latitude, longitude, manager_id, manager_name, manager_phone, name, phone, public_api_shelter_id, updated_at, verification_status, verified_at, id) 
        values
            (?, ?, ?, ?, ?, ?, ?, ?, ?, ?, ?, ?, ?, ?, ?, ?, default)
    Hibernate: 
        insert 
        into
            donation_requests
            (content, created_at, current_quantity, deadline, item_category, shelter_id, status, target_quantity, title, updated_at, id) 
        values
            (?, ?, ?, ?, ?, ?, ?, ?, ?, ?, default)
    Hibernate: 
        insert 
        into
            donations
            (amount, board_id, created_at, delivery_method, donation_category, request_id, donation_type, donor_birthdate, donor_email, donor_name, donor_phone, donor_type, item_name, newsletter_consent, payment_method, quantity, receipt_requested, resident_registration_number, shelter_id, status, tracking_number, updated_at, user_id, id) 
        values
            (?, ?, ?, ?, ?, ?, ?, ?, ?, ?, ?, ?, ?, ?, ?, ?, ?, ?, ?, ?, ?, ?, ?, default)

ShelterServiceTest STANDARD_OUT
    2026-02-05T23:50:39.792+09:00  INFO 27796 --- [antigravity-animal-system] [    Test worker] t.c.s.AnnotationConfigContextLoaderUtils : Could not detect default configuration classes for test class [com.dnproject.platform.service.ShelterServiceTest]: ShelterServiceTest does not declare any static, non-private, non-final, nested classes annotated with @Configuration.
    2026-02-05T23:50:39.793+09:00  INFO 27796 --- [antigravity-animal-system] [    Test worker] .b.t.c.SpringBootTestContextBootstrapper : Found @SpringBootConfiguration com.dnproject.platform.DnPlatformApplication for test class com.dnproject.platform.service.ShelterServiceTest

ShelterServiceTest > 蹂댄샇???뱀씤 ?곹깭 蹂寃??뚯뒪??STANDARD_OUT
    Hibernate: 
        select
            s1_0.id 
        from
            shelters s1_0 
        where
            s1_0.business_registration_number=? 
        fetch
            first ? rows only
    Hibernate: 
        select
            s1_0.id 
        from
            shelters s1_0 
        where
            s1_0.email=? 
        fetch
            first ? rows only
    Hibernate: 
        insert 
        into
            users
            (address, created_at, email, is_temporary_password, name, password, phone, role, updated_at, id) 
        values
            (?, ?, ?, ?, ?, ?, ?, ?, ?, default)
    Hibernate: 
        insert 
        into
            shelters
            (address, business_registration_file, business_registration_number, created_at, email, latitude, longitude, manager_id, manager_name, manager_phone, name, phone, public_api_shelter_id, updated_at, verification_status, verified_at, id) 
        values
            (?, ?, ?, ?, ?, ?, ?, ?, ?, ?, ?, ?, ?, ?, ?, ?, default)
    2026-02-05T23:50:39.929+09:00  INFO 27796 --- [antigravity-animal-system] [    Test worker] c.d.platform.service.ShelterServiceTest  : ?뱀씤 ?곹깭 ?뺤씤 : ?몄쬆 ?꾨즺
    2026-02-05T23:50:39.929+09:00  INFO 27796 --- [antigravity-animal-system] [    Test worker] c.d.platform.service.ShelterServiceTest  : ?뱀씤 ?쒓컙 ?뺤씤 : 2026-02-05T23:50:39.883261700

ShelterServiceTest > 蹂댄샇???뚯썝媛???뚯뒪??STANDARD_OUT
    Hibernate: 
        select
            s1_0.id 
        from
            shelters s1_0 
        where
            s1_0.business_registration_number=? 
        fetch
            first ? rows only
    Hibernate: 
        select
            s1_0.id 
        from
            shelters s1_0 
        where
            s1_0.email=? 
        fetch

9 tests completed, 3 failed

FAILURE: Build failed with an exception.

* What went wrong:
Execution failed for task ':backend:test'.
> There were failing tests. See the report at: file:///D:/
dn-project/backend/build/reports/tests/test/index.html

* Try:
> Run with --scan to generate a Build Scan (Powered by Dev
elocity).

BUILD FAILED in 12s
            first ? rows only
    Hibernate: 
        insert 
        into
            users
            (address, created_at, email, is_temporary_password, name, password, phone, role, updated_at, id) 
        values
            (?, ?, ?, ?, ?, ?, ?, ?, ?, default)
    Hibernate: 
        insert 
        into
            shelters
            (address, business_registration_file, business_registration_number, created_at, email, latitude, longitude, manager_id, manager_name, manager_phone, name, phone, public_api_shelter_id, updated_at, verification_status, verified_at, id) 
        values
            (?, ?, ?, ?, ?, ?, ?, ?, ?, ?, ?, ?, ?, ?, ?, ?, default)
    2026-02-05T23:50:39.999+09:00  INFO 27796 --- [antigravity-animal-system] [    Test worker] c.d.platform.service.ShelterServiceTest  : ?앹꽦??id : 7

VolunteerServiceTest STANDARD_OUT
    2026-02-05T23:50:40.005+09:00  INFO 27796 --- [antigravity-animal-system] [    Test worker] t.c.s.AnnotationConfigContextLoaderUtils : Could not detect default configuration classes for test class [com.dnproject.platform.service.VolunteerServiceTest]: VolunteerServiceTest does not declare any static, non-private, non-final, nested classes annotated with @Configuration.
    2026-02-05T23:50:40.006+09:00  INFO 27796 --- [antigravity-animal-system] [    Test worker] .b.t.c.SpringBootTestContextBootstrapper : Found @SpringBootConfiguration com.dnproject.platform.DnPlatformApplication for test class com.dnproject.platform.service.VolunteerServiceTest

VolunteerServiceTest > 遊됱궗 紐⑥쭛 怨듦퀬 ?앹꽦 ?뚯뒪??STANDARD_OUT
    Hibernate: 
        insert 
        into
            shelters
            (address, business_registration_file, business_registration_number, created_at, email, latitude, longitude, manager_id, manager_name, manager_phone, name, phone, public_api_shelter_id, updated_at, verification_status, verified_at, id) 
        values
            (?, ?, ?, ?, ?, ?, ?, ?, ?, ?, ?, ?, ?, ?, ?, ?, default)
    Hibernate: 
        insert 
        into
            users
            (address, created_at, email, is_temporary_password, name, password, phone, role, updated_at, id) 
        values
            (?, ?, ?, ?, ?, ?, ?, ?, ?, default)
    Hibernate: 
        insert 
        into
            volunteer_recruitments
            (content, created_at, deadline, max_applicants, status, shelter_id, title, updated_at, id) 
        values
            (?, ?, ?, ?, ?, ?, ?, ?, default)

VolunteerServiceTest > 遊됱궗?쒕룞 ?좎껌 ?뚯뒪??STANDARD_OUT
    Hibernate: 
        insert 
        into
            shelters
            (address, business_registration_file, business_registration_number, created_at, email, latitude, longitude, manager_id, manager_name, manager_phone, name, phone, public_api_shelter_id, updated_at, verification_status, verified_at, id) 
        values
            (?, ?, ?, ?, ?, ?, ?, ?, ?, ?, ?, ?, ?, ?, ?, ?, default)
    Hibernate: 
        insert 
        into
            users
            (address, created_at, email, is_temporary_password, name, password, phone, role, updated_at, id) 
        values
            (?, ?, ?, ?, ?, ?, ?, ?, ?, default)
    Hibernate: 
        insert 
        into
            volunteer_recruitments
            (content, created_at, deadline, max_applicants, status, shelter_id, title, updated_at, id) 
        values
            (?, ?, ?, ?, ?, ?, ?, ?, default)
    Hibernate: 
        insert 
        into
            volunteers
            (activity_cycle, activity_field, activity_region, applicant_email, applicant_name, applicant_phone, board_id, created_at, experience, participant_count, preferred_time_slot, shelter_id, special_notes, updated_at, user_id, volunteer_date_end, volunteer_date_start, recruitment_id, status, volunteer_type, id) 
        values
            (?, ?, ?, ?, ?, ?, ?, ?, ?, ?, ?, ?, ?, ?, ?, ?, ?, ?, ?, ?, default)
Finished generating test XML results (0.005 secs) into: D:\dn-project\backend\build\test-results\test
Generating HTML test report...
Finished generating test html results (0.007 secs) into: D:\dn-project\backend\build\reports\tests\test
4 actionable tasks: 1 executed, 3 up-to-date
Watched directory hierarchies: [D:\dn-project]
