> Task :compileJava UP-TO-DATE
> Task :processResources UP-TO-DATE
> Task :classes UP-TO-DATE
> Task :compileTestJava UP-TO-DATE
> Task :processTestResources NO-SOURCE
> Task :testClasses UP-TO-DATE
./gradlew : OpenJDK 64-Bit Server VM warning: Sharing is only supported
 for boot loader classes because bootstrap classpath has been appended
위치 줄:1 문자:1
+ ./gradlew test --console=plain > test_output.txt 2>&1
+ ~~~~~~~~~~~~~~~~~~~~~~~~~~~~~~~~~~~~~~~~~~~~~~~~~~~~~
    + CategoryInfo          : NotSpecified: (OpenJDK 64-Bit ...s been  
   appended:String) [], RemoteException
    + FullyQualifiedErrorId : NativeCommandError
 

> Task :test

AdoptionServiceTest > ?낆뼇 ?좎껌 ?뚯뒪??FAILED
    org.springframework.dao.DataIntegrityViolationException at AdoptionServiceTest.java:64
        Caused by: org.hibernate.exception.ConstraintViolationException at AdoptionServiceTest.java:64
            Caused by: org.h2.jdbc.JdbcSQLIntegrityConstraintViolationException at AdoptionServiceTest.java:64

AdoptionServiceTest > ?낆뼇 ?뱀씤 ?뚯뒪??FAILED
    org.springframework.dao.DataIntegrityViolationException at AdoptionServiceTest.java:64
        Caused by: org.hibernate.exception.ConstraintViolationException at AdoptionServiceTest.java:64
            Caused by: org.h2.jdbc.JdbcSQLIntegrityConstraintViolationException at AdoptionServiceTest.java:64

AdoptionServiceTest > ?낆뼇 ?좎껌 痍⑥냼 ?뚯뒪??FAILED
    org.springframework.dao.DataIntegrityViolationException at AdoptionServiceTest.java:64
        Caused by: org.hibernate.exception.ConstraintViolationException at AdoptionServiceTest.java:64
            Caused by: org.h2.jdbc.JdbcSQLIntegrityConstraintViolationException at AdoptionServiceTest.java:64

AnimalServiceTest > ?숇Ъ ?깅줉 ?뚯뒪??FAILED
    org.opentest4j.AssertionFailedError at AnimalServiceTest.java:68

BoardServiceTest > 寃뚯떆湲 ??젣 ?ㅽ뙣 - 沅뚰븳 ?놁쓬 FAILED
    org.springframework.dao.DataIntegrityViolationException at BoardServiceTest.java:107
        Caused by: org.hibernate.exception.ConstraintViolationException at BoardServiceTest.java:107
            Caused by: org.h2.jdbc.JdbcSQLIntegrityConstraintViolationException at BoardServiceTest.java:107

NotificationServiceTest > ?뚮┝ ?쎌쓬 泥섎━ ?뚯뒪??FAILED
    org.springframework.dao.DataIntegrityViolationException at NotificationServiceTest.java:62
        Caused by: org.hibernate.exception.ConstraintViolationException at NotificationServiceTest.java:62
            Caused by: org.h2.jdbc.JdbcSQLIntegrityConstraintViolationException at NotificationServiceTest.java:62

NotificationServiceTest > ?뚮┝ 紐⑸줉 議고쉶 ?뚯뒪??FAILED
    org.springframework.dao.DataIntegrityViolationException at NotificationServiceTest.java:47
        Caused by: org.hibernate.exception.ConstraintViolationException at NotificationServiceTest.java:47
            Caused by: org.h2.jdbc.JdbcSQLIntegrityConstraintViolationException at NotificationServiceTest.java:47

2026-02-06T11:18:26.820+09:00  INFO 9976 --- [dnplatform] [ionShutdownHook] j.LocalContainerEntityManagerFactoryBean : Closing JPA EntityManagerFactory for persistence unit 'default'
Hibernate: 
    drop table if exists adoptions cascade 
Hibernate: 
    drop table if exists animal_favorites cascade 
Hibernate: 
    drop table if exists animal_images cascade 
Hibernate: 
    drop table if exists animals cascade 
Hibernate: 
    drop table if exists boards cascade 
Hibernate: 
    drop table if exists comments cascade 
Hibernate: 
    drop table if exists donation_requests cascade 
Hibernate: 
    drop table if exists donations cascade 
Hibernate: 
    drop table if exists notifications cascade 
Hibernate: 
    drop table if exists preferences cascade 
Hibernate: 
    drop table if exists shelters cascade 
Hibernate: 
    drop table if exists sync_history cascade 
Hibernate: 
    drop table if exists users cascade 
Hibernate: 
    drop table if exists volunteer_recruitments cascade 
Hibernate: 
    drop table if exists volunteers cascade 
Hibernate: 
    drop sequence if exists adoptions_seq
2026-02-06T11:18:26.833+09:00  INFO 9976 --- [dnplatform] [ionShutdownHook] com.zaxxer.hikari.HikariDataSource       : HikariPool-1 - Shutdown initiated...
2026-02-06T11:18:26.835+09:00  INFO 9976 --- [dnplatform] [ionShutdownHook] com.zaxxer.hikari.HikariDataSource       : HikariPool-1 - Shutdown completed.

> Task :test FAILED

31 tests completed, 7 failed

FAILURE: Build failed with an exception.

* What went wrong:
Execution failed for task ':test'.
> There were failing tests. See the report at: file:///D:/spring_boot_p
roject/62dn-project-2026/backend/build/reports/tests/test/index.html

* Try:
> Run with --scan to get full insights from a Build Scan (powered by De
velocity).

BUILD FAILED in 13s
4 actionable tasks: 1 executed, 3 up-to-date
